[    0.000000] Initializing cgroup subsys cpuset
[    0.000000] Initializing cgroup subsys cpu
[    0.000000] Initializing cgroup subsys cpuacct
[    0.000000] Linux version 4.4.0-185-generic (buildd@lgw01-amd64-017) (gcc version 5.4.0 20160609 (Ubuntu 5.4.0-6ubuntu1~16.04.12) ) #215-Ubuntu SMP Mon Jun 8 21:53:19 UTC 2020 (Ubuntu 4.4.0-185.215-generic 4.4.224)
[    0.000000] Command line: BOOT_IMAGE=/boot/vmlinuz-4.4.0-185-generic root=UUID=f7b43405-fdce-4bb1-b4fb-264548858b21 ro console=tty1 console=ttyS0
[    0.000000] KERNEL supported cpus:
[    0.000000]   Intel GenuineIntel
[    0.000000]   AMD AuthenticAMD
[    0.000000]   Centaur CentaurHauls
[    0.000000] x86/fpu: xstate_offset[2]:  576, xstate_sizes[2]:  256
[    0.000000] x86/fpu: Supporting XSAVE feature 0x01: 'x87 floating point registers'
[    0.000000] x86/fpu: Supporting XSAVE feature 0x02: 'SSE registers'
[    0.000000] x86/fpu: Supporting XSAVE feature 0x04: 'AVX registers'
[    0.000000] x86/fpu: Enabled xstate features 0x7, context size is 832 bytes, using 'standard' format.
[    0.000000] e820: BIOS-provided physical RAM map:
[    0.000000] BIOS-e820: [mem 0x0000000000000000-0x000000000009fbff] usable
[    0.000000] BIOS-e820: [mem 0x000000000009fc00-0x000000000009ffff] reserved
[    0.000000] BIOS-e820: [mem 0x00000000000f0000-0x00000000000fffff] reserved
[    0.000000] BIOS-e820: [mem 0x0000000000100000-0x000000007ffeffff] usable
[    0.000000] BIOS-e820: [mem 0x000000007fff0000-0x000000007fffffff] ACPI data
[    0.000000] BIOS-e820: [mem 0x00000000fec00000-0x00000000fec00fff] reserved
[    0.000000] BIOS-e820: [mem 0x00000000fee00000-0x00000000fee00fff] reserved
[    0.000000] BIOS-e820: [mem 0x00000000fffc0000-0x00000000ffffffff] reserved
[    0.000000] NX (Execute Disable) protection: active
[    0.000000] SMBIOS 2.5 present.
[    0.000000] Hypervisor detected: KVM
[    0.000000] e820: last_pfn = 0x7fff0 max_arch_pfn = 0x400000000
[    0.000000] MTRR: Disabled
[    0.000000] x86/PAT: MTRRs disabled, skipping PAT initialization too.
[    0.000000] CPU MTRRs all blank - virtualized system.
[    0.000000] x86/PAT: Configuration [0-7]: WB  WT  UC- UC  WB  WT  UC- UC  
[    0.000000] found SMP MP-table at [mem 0x0009fff0-0x0009ffff] mapped at [ffff88000009fff0]
[    0.000000] Scanning 1 areas for low memory corruption
[    0.000000] RAMDISK: [mem 0x361ca000-0x370dcfff]
[    0.000000] ACPI: Early table checksum verification disabled
[    0.000000] ACPI: RSDP 0x00000000000E0000 000024 (v02 VBOX  )
[    0.000000] ACPI: XSDT 0x000000007FFF0030 00003C (v01 VBOX   VBOXXSDT 00000001 ASL  00000061)
[    0.000000] ACPI: FACP 0x000000007FFF00F0 0000F4 (v04 VBOX   VBOXFACP 00000001 ASL  00000061)
[    0.000000] ACPI: DSDT 0x000000007FFF0470 002325 (v02 VBOX   VBOXBIOS 00000002 INTL 20100528)
[    0.000000] ACPI: FACS 0x000000007FFF0200 000040
[    0.000000] ACPI: FACS 0x000000007FFF0200 000040
[    0.000000] ACPI: APIC 0x000000007FFF0240 00005C (v02 VBOX   VBOXAPIC 00000001 ASL  00000061)
[    0.000000] ACPI: SSDT 0x000000007FFF02A0 0001CC (v01 VBOX   VBOXCPUT 00000002 INTL 20100528)
[    0.000000] No NUMA configuration found
[    0.000000] Faking a node at [mem 0x0000000000000000-0x000000007ffeffff]
[    0.000000] NODE_DATA(0) allocated [mem 0x7ffeb000-0x7ffeffff]
[    0.000000] kvm-clock: Using msrs 4b564d01 and 4b564d00
[    0.000000] kvm-clock: cpu 0, msr 0:7ffe3001, primary cpu clock
[    0.000000] kvm-clock: using sched offset of 6170448771 cycles
[    0.000000] clocksource: kvm-clock: mask: 0xffffffffffffffff max_cycles: 0x1cd42e4dffb, max_idle_ns: 881590591483 ns
[    0.000000] Zone ranges:
[    0.000000]   DMA      [mem 0x0000000000001000-0x0000000000ffffff]
[    0.000000]   DMA32    [mem 0x0000000001000000-0x000000007ffeffff]
[    0.000000]   Normal   empty
[    0.000000]   Device   empty
[    0.000000] Movable zone start for each node
[    0.000000] Early memory node ranges
[    0.000000]   node   0: [mem 0x0000000000001000-0x000000000009efff]
[    0.000000]   node   0: [mem 0x0000000000100000-0x000000007ffeffff]
[    0.000000] Initmem setup node 0 [mem 0x0000000000001000-0x000000007ffeffff]
[    0.000000] ACPI: PM-Timer IO Port: 0x4008
[    0.000000] IOAPIC[0]: apic_id 2, version 32, address 0xfec00000, GSI 0-23
[    0.000000] ACPI: INT_SRC_OVR (bus 0 bus_irq 0 global_irq 2 dfl dfl)
[    0.000000] ACPI: INT_SRC_OVR (bus 0 bus_irq 9 global_irq 9 low level)
[    0.000000] Using ACPI (MADT) for SMP configuration information
[    0.000000] smpboot: Allowing 2 CPUs, 0 hotplug CPUs
[    0.000000] PM: Registered nosave memory: [mem 0x00000000-0x00000fff]
[    0.000000] PM: Registered nosave memory: [mem 0x0009f000-0x0009ffff]
[    0.000000] PM: Registered nosave memory: [mem 0x000a0000-0x000effff]
[    0.000000] PM: Registered nosave memory: [mem 0x000f0000-0x000fffff]
[    0.000000] e820: [mem 0x80000000-0xfebfffff] available for PCI devices
[    0.000000] Booting paravirtualized kernel on KVM
[    0.000000] clocksource: refined-jiffies: mask: 0xffffffff max_cycles: 0xffffffff, max_idle_ns: 7645519600211568 ns
[    0.000000] setup_percpu: NR_CPUS:512 nr_cpumask_bits:512 nr_cpu_ids:2 nr_node_ids:1
[    0.000000] PERCPU: Embedded 33 pages/cpu @ffff88007fc00000 s95448 r8192 d31528 u1048576
[    0.000000] Built 1 zonelists in Node order, mobility grouping on.  Total pages: 515960
[    0.000000] Policy zone: DMA32
[    0.000000] Kernel command line: BOOT_IMAGE=/boot/vmlinuz-4.4.0-185-generic root=UUID=f7b43405-fdce-4bb1-b4fb-264548858b21 ro console=tty1 console=ttyS0
[    0.000000] PID hash table entries: 4096 (order: 3, 32768 bytes)
[    0.000000] Memory: 2029308K/2096696K available (8632K kernel code, 1336K rwdata, 4036K rodata, 1488K init, 1292K bss, 67388K reserved, 0K cma-reserved)
[    0.000000] SLUB: HWalign=64, Order=0-3, MinObjects=0, CPUs=2, Nodes=1
[    0.000000] Kernel/User page tables isolation: enabled
[    0.000000] Hierarchical RCU implementation.
[    0.000000] 	Build-time adjustment of leaf fanout to 64.
[    0.000000] 	RCU restricting CPUs from NR_CPUS=512 to nr_cpu_ids=2.
[    0.000000] RCU: Adjusting geometry for rcu_fanout_leaf=64, nr_cpu_ids=2
[    0.000000] NR_IRQS:33024 nr_irqs:440 16
[    0.000000] Console: colour VGA+ 80x25
[    0.000000] console [tty1] enabled
[    0.000000] console [ttyS0] enabled
[    0.000000] tsc: Detected 3407.996 MHz processor
[    0.267444] Calibrating delay loop (skipped) preset value.. 6815.99 BogoMIPS (lpj=13631984)
[    0.269357] pid_max: default: 32768 minimum: 301
[    0.270392] ACPI: Core revision 20150930
[    0.273008] ACPI: 2 ACPI AML tables successfully acquired and loaded
[    0.274516] Security Framework initialized
[    0.275501] Yama: becoming mindful.
[    0.276366] AppArmor: AppArmor initialized
[    0.287015] Dentry cache hash table entries: 262144 (order: 9, 2097152 bytes)
[    0.288736] Inode-cache hash table entries: 131072 (order: 8, 1048576 bytes)
[    0.299013] Mount-cache hash table entries: 4096 (order: 3, 32768 bytes)
[    0.300419] Mountpoint-cache hash table entries: 4096 (order: 3, 32768 bytes)
[    0.301948] Initializing cgroup subsys io
[    0.302910] Initializing cgroup subsys memory
[    0.303906] Initializing cgroup subsys devices
[    0.304903] Initializing cgroup subsys freezer
[    0.305910] Initializing cgroup subsys net_cls
[    0.306927] Initializing cgroup subsys perf_event
[    0.308006] Initializing cgroup subsys net_prio
[    0.309004] Initializing cgroup subsys hugetlb
[    0.310008] Initializing cgroup subsys pids
[    0.312079] mce: CPU supports 0 MCE banks
[    0.313032] Last level iTLB entries: 4KB 64, 2MB 8, 4MB 8
[    0.314193] Last level dTLB entries: 4KB 64, 2MB 0, 4MB 0, 1GB 4
[    0.315489] Spectre V1 : Mitigation: usercopy/swapgs barriers and __user pointer sanitization
[    0.317381] Spectre V2 : Mitigation: Full generic retpoline
[    0.318576] Spectre V2 : Spectre v2 / SpectreRSB mitigation: Filling RSB on context switch
[    0.320500] Speculative Store Bypass: Vulnerable
[    0.321537] SRBDS: Unknown: Dependent on hypervisor status
[    0.322851] MDS: Mitigation: Clear CPU buffers
[    0.326649] Freeing SMP alternatives memory: 36K
[    0.333564] ftrace: allocating 32322 entries in 127 pages
[    0.392519] smpboot: APIC(0) Converting physical 0 to logical package 0
[    0.394023] smpboot: Max logical packages: 1
[    0.395458] x2apic enabled
[    0.396547] Switched APIC routing to physical x2apic.
[    0.399075] ..TIMER: vector=0x30 apic1=0 pin1=2 apic2=-1 pin2=-1
[    0.508566] smpboot: CPU0: Intel(R) Core(TM) i7-6700 CPU @ 3.40GHz (family: 0x6, model: 0x5e, stepping: 0x3)
[    0.511240] Performance Events: unsupported p6 CPU model 94 no PMU driver, software events only.
[    0.521944] KVM setup paravirtual spinlock
[    0.533539] x86: Booting SMP configuration:
[    0.534616] .... node  #0, CPUs:      #1
[    0.535711] kvm-clock: cpu 1, msr 0:7ffe3041, secondary cpu clock
[    0.537934] mce: CPU supports 0 MCE banks
[    0.540663] x86: Booted up 1 node, 2 CPUs
[    0.542014] smpboot: Total of 2 processors activated (13631.98 BogoMIPS)
[    0.544155] devtmpfs: initialized
[    0.546307] evm: security.selinux
[    0.547174] evm: security.SMACK64
[    0.548128] evm: security.SMACK64EXEC
[    0.549166] evm: security.SMACK64TRANSMUTE
[    0.550242] evm: security.SMACK64MMAP
[    0.551113] evm: security.ima
[    0.551878] evm: security.capability
[    0.553202] clocksource: jiffies: mask: 0xffffffff max_cycles: 0xffffffff, max_idle_ns: 7645041785100000 ns
[    0.555649] futex hash table entries: 512 (order: 3, 32768 bytes)
[    0.557301] pinctrl core: initialized pinctrl subsystem
[    0.558660] RTC time: 10:44:18, date: 12/23/20
[    0.559927] NET: Registered protocol family 16
[    0.572647] cpuidle: using governor ladder
[    0.585006] cpuidle: using governor menu
[    0.586290] PCCT header not found.
[    0.587264] ACPI: bus type PCI registered
[    0.588301] acpiphp: ACPI Hot Plug PCI Controller Driver version: 0.5
[    0.590014] PCI: Using configuration type 1 for base access
[    0.601448] ACPI: Added _OSI(Module Device)
[    0.602467] ACPI: Added _OSI(Processor Device)
[    0.603590] ACPI: Added _OSI(3.0 _SCP Extensions)
[    0.604741] ACPI: Added _OSI(Processor Aggregator Device)
[    0.606713] ACPI: Executed 1 blocks of module-level executable AML code
[    0.610429] ACPI: Interpreter enabled
[    0.611380] ACPI: (supports S0 S5)
[    0.612277] ACPI: Using IOAPIC for interrupt routing
[    0.613781] PCI: Using host bridge windows from ACPI; if necessary, use "pci=nocrs" and report a bug
[    0.619260] ACPI: PCI Root Bridge [PCI0] (domain 0000 [bus 00-ff])
[    0.620659] acpi PNP0A03:00: _OSC: OS supports [ASPM ClockPM Segments MSI]
[    0.622551] acpi PNP0A03:00: _OSC: not requesting OS control; OS requires [ExtendedConfig ASPM ClockPM MSI]
[    0.624613] acpi PNP0A03:00: fail to add MMCONFIG information, can't access extended PCI configuration space under this bridge.
[    0.627465] PCI host bridge to bus 0000:00
[    0.628534] pci_bus 0000:00: root bus resource [io  0x0000-0x0cf7 window]
[    0.630143] pci_bus 0000:00: root bus resource [io  0x0d00-0xffff window]
[    0.631592] pci_bus 0000:00: root bus resource [mem 0x000a0000-0x000bffff window]
[    0.633468] pci_bus 0000:00: root bus resource [mem 0x80000000-0xfdffffff window]
[    0.635352] pci_bus 0000:00: root bus resource [bus 00-ff]
[    0.638465] pci 0000:00:01.1: legacy IDE quirk: reg 0x10: [io  0x01f0-0x01f7]
[    0.640082] pci 0000:00:01.1: legacy IDE quirk: reg 0x14: [io  0x03f6]
[    0.641569] pci 0000:00:01.1: legacy IDE quirk: reg 0x18: [io  0x0170-0x0177]
[    0.654565] pci 0000:00:01.1: legacy IDE quirk: reg 0x1c: [io  0x0376]
[    0.672301] pci 0000:00:07.0: quirk: [io  0x4000-0x403f] claimed by PIIX4 ACPI
[    0.674231] pci 0000:00:07.0: quirk: [io  0x4100-0x410f] claimed by PIIX4 SMB
[    0.686062] ACPI: PCI Interrupt Link [LNKA] (IRQs 5 9 10 *11)
[    0.688172] ACPI: PCI Interrupt Link [LNKB] (IRQs 5 9 *10 11)
[    0.690128] ACPI: PCI Interrupt Link [LNKC] (IRQs 5 *9 10 11)
[    0.692231] ACPI: PCI Interrupt Link [LNKD] (IRQs 5 9 10 *11)
[    0.694786] ACPI: Enabled 2 GPEs in block 00 to 07
[    0.696285] vgaarb: setting as boot device: PCI:0000:00:02.0
[    0.697673] vgaarb: device added: PCI:0000:00:02.0,decodes=io+mem,owns=io+mem,locks=none
[    0.699614] vgaarb: loaded
[    0.700428] vgaarb: bridge control possible 0000:00:02.0
[    0.701904] SCSI subsystem initialized
[    0.703013] ACPI: bus type USB registered
[    0.704081] usbcore: registered new interface driver usbfs
[    0.705450] usbcore: registered new interface driver hub
[    0.706714] usbcore: registered new device driver usb
[    0.708145] PCI: Using ACPI for IRQ routing
[    0.709471] NetLabel: Initializing
[    0.710515] NetLabel:  domain hash size = 128
[    0.711627] NetLabel:  protocols = UNLABELED CIPSOv4
[    0.712927] NetLabel:  unlabeled traffic allowed by default
[    0.714520] amd_nb: Cannot enumerate AMD northbridges
[    0.715727] clocksource: Switched to clocksource kvm-clock
[    0.739710] AppArmor: AppArmor Filesystem Enabled
[    0.740977] pnp: PnP ACPI init
[    0.742674] pnp: PnP ACPI: found 3 devices
[    0.762101] clocksource: acpi_pm: mask: 0xffffff max_cycles: 0xffffff, max_idle_ns: 2085701024 ns
[    0.764366] NET: Registered protocol family 2
[    0.765709] TCP established hash table entries: 16384 (order: 5, 131072 bytes)
[    0.767924] TCP bind hash table entries: 16384 (order: 6, 262144 bytes)
[    0.769401] TCP: Hash tables configured (established 16384 bind 16384)
[    0.770864] UDP hash table entries: 1024 (order: 3, 32768 bytes)
[    0.772276] UDP-Lite hash table entries: 1024 (order: 3, 32768 bytes)
[    0.773807] NET: Registered protocol family 1
[    0.774934] pci 0000:00:00.0: Limiting direct PCI/PCI transfers
[    0.776265] pci 0000:00:01.0: Activating ISA DMA hang workarounds
[    0.777875] Unpacking initramfs...
[    1.146685] Freeing initrd memory: 15436K
[    1.147952] clocksource: tsc: mask: 0xffffffffffffffff max_cycles: 0x311fd044566, max_idle_ns: 440795343519 ns
[    1.150494] platform rtc_cmos: registered platform RTC device (no PNP device found)
[    1.152510] Scanning for low memory corruption every 60 seconds
[    1.154750] audit: initializing netlink subsys (disabled)
[    1.155995] audit: type=2000 audit(1608720266.751:1): initialized
[    1.157629] Initialise system trusted keyring
[    1.158949] HugeTLB registered 2 MB page size, pre-allocated 0 pages
[    1.161575] zbud: loaded
[    1.162834] VFS: Disk quotas dquot_6.6.0
[    1.163921] VFS: Dquot-cache hash table entries: 512 (order 0, 4096 bytes)
[    1.165664] squashfs: version 4.0 (2009/01/31) Phillip Lougher
[    1.167508] fuse init (API version 7.23)
[    1.168814] Key type big_key registered
[    1.169831] Allocating IMA MOK and blacklist keyrings.
[    1.173515] Key type asymmetric registered
[    1.174612] Asymmetric key parser 'x509' registered
[    1.175856] Block layer SCSI generic (bsg) driver version 0.4 loaded (major 249)
[    1.177849] io scheduler noop registered
[    1.178790] io scheduler deadline registered (default)
[    1.180021] io scheduler cfq registered
[    1.181166] pci_hotplug: PCI Hot Plug PCI Core version: 0.5
[    1.182447] pciehp: PCI Express Hot Plug Controller Driver version: 0.4
[    1.183932] ACPI: AC Adapter [AC] (on-line)
[    1.185003] input: Power Button as /devices/LNXSYSTM:00/LNXPWRBN:00/input/input0
[    1.186900] ACPI: Power Button [PWRF]
[    1.187944] input: Sleep Button as /devices/LNXSYSTM:00/LNXSLPBN:00/input/input1
[    1.189861] ACPI: Sleep Button [SLPF]
[    1.191070] GHES: HEST is not enabled!
[    1.192301] Serial: 8250/16550 driver, 32 ports, IRQ sharing enabled
[    1.214197] 00:02: ttyS0 at I/O 0x3f8 (irq = 4, base_baud = 115200) is a 16550A
[    1.219682] Linux agpgart interface v0.103
[    1.222382] loop: module loaded
[    1.223855] scsi host0: ata_piix
[    1.224846] scsi host1: ata_piix
[    1.225744] ata1: PATA max UDMA/33 cmd 0x1f0 ctl 0x3f6 bmdma 0xd000 irq 14
[    1.227498] ata2: PATA max UDMA/33 cmd 0x170 ctl 0x376 bmdma 0xd008 irq 15
[    1.238551] libphy: Fixed MDIO Bus: probed
[    1.239714] tun: Universal TUN/TAP device driver, 1.6
[    1.240877] tun: (C) 1999-2004 Max Krasnyansky <maxk@qualcomm.com>
[    1.242429] PPP generic driver version 2.4.2
[    1.243633] ehci_hcd: USB 2.0 'Enhanced' Host Controller (EHCI) Driver
[    1.245346] ehci-pci: EHCI PCI platform driver
[    1.246508] ehci-platform: EHCI generic platform driver
[    1.247713] ohci_hcd: USB 1.1 'Open' Host Controller (OHCI) Driver
[    1.249142] ohci-pci: OHCI PCI platform driver
[    1.250342] ohci-platform: OHCI generic platform driver
[    1.251589] uhci_hcd: USB Universal Host Controller Interface driver
[    1.253098] i8042: PNP: PS/2 Controller [PNP0303:PS2K,PNP0f03:PS2M] at 0x60,0x64 irq 1,12
[    1.255450] serio: i8042 KBD port at 0x60,0x64 irq 1
[    1.256817] serio: i8042 AUX port at 0x60,0x64 irq 12
[    1.258320] mousedev: PS/2 mouse device common for all mice
[    1.260141] input: AT Translated Set 2 keyboard as /devices/platform/i8042/serio0/input/input2
[    1.262786] rtc_cmos rtc_cmos: rtc core: registered rtc_cmos as rtc0
[    1.264421] rtc_cmos rtc_cmos: alarms up to one day, 114 bytes nvram
[    1.265896] i2c /dev entries driver
[    1.266920] device-mapper: uevent: version 1.0.3
[    1.268102] device-mapper: ioctl: 4.34.0-ioctl (2015-10-28) initialised: dm-devel@redhat.com
[    1.270212] ledtrig-cpu: registered to indicate activity on CPUs
[    1.272177] NET: Registered protocol family 10
[    1.273476] NET: Registered protocol family 17
[    1.274622] Key type dns_resolver registered
[    1.276322] registered taskstats version 1
[    1.277418] Loading compiled-in X.509 certificates
[    1.279046] Loaded X.509 cert 'Build time autogenerated kernel key: 63b33e3df6fd3cb2c2f5596d77e3bacd7122c70c'
[    1.282159] zswap: loaded using pool lzo/zbud
[    1.284631] Key type trusted registered
[    1.288087] Key type encrypted registered
[    1.289038] AppArmor: AppArmor sha1 policy hashing enabled
[    1.290215] ima: No TPM chip found, activating TPM-bypass!
[    1.291388] ima: Allocated hash algorithm: sha1
[    1.292468] evm: HMAC attrs: 0x1
[    1.293597]   Magic number: 0:510:730
[    1.294561] rtc_cmos rtc_cmos: setting system clock to 2020-12-23 10:44:19 UTC (1608720259)
[    1.296555] BIOS EDD facility v0.16 2004-Jun-25, 0 devices found
[    1.297886] EDD information not available.
[    1.463872] Freeing unused kernel memory: 1488K
[    1.467452] Write protecting the kernel read-only data: 14336k
[    1.471157] Freeing unused kernel memory: 1596K
[    1.473928] Freeing unused kernel memory: 60K
Loading, please wait...
starting version 229
[    1.498307] random: systemd-udevd: uninitialized urandom read (16 bytes read, 3 bits of entropy available)
[    1.498776] random: udevadm: uninitialized urandom read (16 bytes read, 3 bits of entropy available)
[    1.498794] random: udevadm: uninitialized urandom read (16 bytes read, 3 bits of entropy available)
[    1.507309] random: systemd-udevd: uninitialized urandom read (16 bytes read, 3 bits of entropy available)
[    1.508490] random: udevadm: uninitialized urandom read (16 bytes read, 3 bits of entropy available)
[    1.508535] random: udevadm: uninitialized urandom read (16 bytes read, 3 bits of entropy available)
[    1.508697] random: udevadm: uninitialized urandom read (16 bytes read, 3 bits of entropy available)
[    1.508756] random: udevadm: uninitialized urandom read (16 bytes read, 3 bits of entropy available)
[    1.508831] random: udevadm: uninitialized urandom read (16 bytes read, 3 bits of entropy available)
[    1.508896] random: udevadm: uninitialized urandom read (16 bytes read, 3 bits of entropy available)
[    1.551019] e1000: Intel(R) PRO/1000 Network Driver - version 7.3.21-k8-NAPI
[    1.552628] e1000: Copyright (c) 1999-2006 Intel Corporation.
[    1.558970] Fusion MPT base driver 3.04.20
[    1.560019] Copyright (c) 1999-2008 LSI Corporation
[    1.584310] Fusion MPT SPI Host driver 3.04.20
[    1.587128] AVX2 version of gcm_enc/dec engaged.
[    1.588328] AES CTR mode by8 optimization enabled
[    1.789088] input: ImExPS/2 Generic Explorer Mouse as /devices/platform/i8042/serio1/input/input4
[    2.180635] e1000 0000:00:03.0 eth0: (PCI:33MHz:32-bit) 02:ba:b8:ca:39:a3
[    2.186837] e1000 0000:00:03.0 eth0: Intel(R) PRO/1000 Network Connection
[    3.177668] e1000 0000:00:08.0 eth1: (PCI:33MHz:32-bit) 08:00:27:9d:af:8f
[    3.180243] e1000 0000:00:08.0 eth1: Intel(R) PRO/1000 Network Connection
[    3.184271] e1000 0000:00:08.0 enp0s8: renamed from eth1
[    3.186689] mptbase: ioc0: Initiating bringup
[    3.200596] e1000 0000:00:03.0 enp0s3: renamed from eth0
[    3.260130] ioc0: LSI53C1030 A0: Capabilities={Initiator}
[    3.429116] scsi host2: ioc0: LSI53C1030 A0, FwRev=00000000h, Ports=1, MaxQ=256, IRQ=20
[    3.553082] scsi 2:0:0:0: Direct-Access     VBOX     HARDDISK         1.0  PQ: 0 ANSI: 5
[    3.556496] scsi target2:0:0: Beginning Domain Validation
[    3.561573] scsi target2:0:0: Domain Validation skipping write tests
[    3.563989] scsi target2:0:0: Ending Domain Validation
[    3.566249] scsi target2:0:0: asynchronous
[    3.569060] scsi 2:0:1:0: Direct-Access     VBOX     HARDDISK         1.0  PQ: 0 ANSI: 5
[    3.592927] scsi target2:0:1: Beginning Domain Validation
[    3.597875] scsi target2:0:1: Domain Validation skipping write tests
[    3.599322] scsi target2:0:1: Ending Domain Validation
[    3.600794] scsi target2:0:1: asynchronous
[    3.613902] sd 2:0:0:0: [sda] 20971520 512-byte logical blocks: (10.7 GB/10.0 GiB)
[    3.614084] sd 2:0:0:0: Attached scsi generic sg0 type 0
[    3.617530] sd 2:0:0:0: [sda] Write Protect is off
[    3.617754] sd 2:0:1:0: Attached scsi generic sg1 type 0
[    3.620004] sd 2:0:1:0: [sdb] 20480 512-byte logical blocks: (10.5 MB/10.0 MiB)
[    3.620379] sd 2:0:0:0: [sda] Incomplete mode parameter data
[    3.620380] sd 2:0:0:0: [sda] Assuming drive cache: write through
[    3.625678] sd 2:0:1:0: [sdb] Write Protect is off
[    3.627414] sd 2:0:1:0: [sdb] Incomplete mode parameter data
[    3.628740] sd 2:0:1:0: [sdb] Assuming drive cache: write through
[    3.631530]  sda: sda1
[    3.633976] sd 2:0:0:0: [sda] Attached SCSI disk
[    3.647487] sd 2:0:1:0: [sdb] Attached SCSI disk
Begin: Loading essential drivers ... [    5.227943] md: linear personality registered for level -1
[    5.231975] md: multipath personality registered for level -4
[    5.235245] md: raid0 personality registered for level 0
[    5.239439] md: raid1 personality registered for level 1
[    5.311755] raid6: sse2x1   gen() 12733 MB/s
[    5.380107] raid6: sse2x1   xor()  9461 MB/s
[    5.447760] raid6: sse2x2   gen() 15541 MB/s
[    5.515794] raid6: sse2x2   xor() 10985 MB/s
[    5.584039] raid6: sse2x4   gen() 17742 MB/s
[    5.651793] raid6: sse2x4   xor() 11348 MB/s
[    5.731825] raid6: avx2x1   gen() 25493 MB/s
[    5.799851] raid6: avx2x2   gen() 26949 MB/s
[    5.868046] raid6: avx2x4   gen() 31962 MB/s
[    5.869736] raid6: using algorithm avx2x4 gen() 31962 MB/s
[    5.871570] raid6: using avx2x2 recovery algorithm
[    5.874071] xor: automatically using best checksumming function:
[    5.912483]    avx       : 25882.000 MB/sec
[    5.914611] async_tx: api initialized (async)
[    5.923900] md: raid6 personality registered for level 6
[    5.925046] md: raid5 personality registered for level 5
[    5.926214] md: raid4 personality registered for level 4
[    5.932869] md: raid10 personality registered for level 10
done.
Begin: Running /scripts/init-premount ... done.
Begin: Mounting root file system ... Begin: Running /scripts/local-top ... done.
Begin: Running /scripts/local-premount ... [    5.962617] Btrfs loaded
Scanning for Btrfs filesystems
done.
Warning: fsck not present, so skipping root file system
[    6.097872] EXT4-fs (sda1): mounted filesystem with ordered data mode. Opts: (null)
done.
Begin: Running /scripts/local-bottom ... done.
Begin: Running /scripts/init-bottom ... done.
[    6.912457] systemd[1]: systemd 229 running in system mode. (+PAM +AUDIT +SELINUX +IMA +APPARMOR +SMACK +SYSVINIT +UTMP +LIBCRYPTSETUP +GCRYPT +GNUTLS +ACL +XZ -LZ4 +SECCOMP +BLKID +ELFUTILS +KMOD -IDN)
[    6.919212] systemd[1]: Detected virtualization oracle.
[    6.921344] systemd[1]: Detected architecture x86-64.

Welcome to [1mUbuntu 16.04.6 LTS[0m!

[    6.949205] systemd[1]: Set hostname to <ubuntu-xenial>.
[    6.996057] random: nonblocking pool is initialized
[    7.974322] systemd[1]: Created slice System Slice.
[[0;32m  OK  [0m] Created slice System Slice.
[    7.978587] systemd[1]: Created slice system-serial\x2dgetty.slice.
[[0;32m  OK  [0m] Created slice system-serial\x2dgetty.slice.
[    7.988366] systemd[1]: Listening on Journal Audit Socket.
[[0;32m  OK  [0m] Listening on Journal Audit Socket.
[    7.991436] systemd[1]: Reached target Swap.
[[0;32m  OK  [0m] Reached target Swap.
[    7.993936] systemd[1]: Reached target Encrypted Volumes.
[[0;32m  OK  [0m] Reached target Encrypted Volumes.
[    7.997554] systemd[1]: Created slice User and Session Slice.
[[0;32m  OK  [0m] Created slice User and Session Slice.
[    8.008797] systemd[1]: Listening on Syslog Socket.
[[0;32m  OK  [0m] Listening on Syslog Socket.
[    8.010837] systemd[1]: Started Forward Password Requests to Wall Directory Watch.
[[0;32m  OK  [0m] Started Forward Password Requests to Wall Directory Watch.
[    8.014114] systemd[1]: Listening on Journal Socket (/dev/log).
[[0;32m  OK  [0m] Listening on Journal Socket (/dev/log).
[    8.016336] systemd[1]: Listening on Journal Socket.
[[0;32m  OK  [0m] Listening on Journal Socket.
[    8.036085] systemd[1]: Starting Uncomplicated firewall...
         Starting Uncomplicated firewall...
[    8.050669] systemd[1]: Starting Remount Root and Kernel File Systems...
         Starting Remount Root and Kernel File Systems...
[    8.054505] systemd[1]: Starting Journal Service...
         Starting Journal Service...
[    8.057004] systemd[1]: Mounting Debug File System...
         Mounting Debug File System...
[    8.059274] systemd[1]: Starting Set console keymap...
         Starting Set console keymap...
[    8.061699] systemd[1]: Mounting Huge Pages File System...
         Mounting Huge Pages File System...
[    8.063845] systemd[1]: Listening on udev Control Socket.
[[0;32m  OK  [0m] Listening on udev Control Socket.
[    8.072524] systemd[1]: Reached target User and Group Name Lookups.
[[0;32m  OK  [0m] Reached target User and Group Name Lookups.
[    8.074914] systemd[1]: Listening on LVM2 metadata daemon socket.
[[0;32m  OK  [0m] Listening on LVM2 metadata daemon socket.
[    8.084558] systemd[1]: Set up automount Arbitrary Executable File Formats File System Automount Point.
[[0;32m  OK  [0m] Set up automount Arbitrary Executab...ats File System Automount Point.
[    8.088445] systemd[1]: Starting Create list of required static device nodes for the current kernel...
         Starting Create list of required st... nodes for the current kernel...
[    8.105821] systemd[1]: Listening on LVM2 poll daemon socket.
[[0;32m  OK  [0m] Listening on LVM2 poll daemon socket.
[    8.116415] systemd[1]: Reached target Slices.
[[0;32m  OK  [0m] Reached target Slices.
[    8.127869] systemd[1]: Starting Nameserver information manager...
         Starting Nameserver information manager...
[    8.137237] systemd[1]: Mounting POSIX Message Queue File System...
         Mounting POSIX Message Queue File System...
[    8.148219] systemd[1]: Started Trigger resolvconf update for networkd DNS.
[[0;32m  OK  [0m] Started Trigger resolvconf update for networkd DNS.
[    8.188618] EXT4-fs (sda1): re-mounted. Opts: (null)
[    8.188833] systemd[1]: Starting Load Kernel Modules...
         Starting Load Kernel Modules...
[    8.193400] systemd[1]: Listening on Device-mapper event daemon FIFOs.
[[0;32m  OK  [0m] Listening on Device-mapper event daemon FIFOs.
[    8.197255] systemd[1]: Starting Monitoring of LVM2 mirrors, snapshots etc. using dmeventd or progress polling...
         Starting Monitoring of LVM2 mirrors... dmeventd or progress polling...
[    8.201805] systemd[1]: Listening on udev Kernel Socket.
[[0;32m  OK  [0m] Listening on udev Kernel Socket.
[    8.212299] systemd[1]: Reached target System Time Synchronized.
[[0;32m  OK  [0m] Reached target System Time Synchronized.
[    8.220151] systemd[1]: Listening on /dev/initctl Compatibility Named Pipe.
[[0;32m  OK  [0m] Listening on /dev/initctl Compatibility Named Pipe.
[    8.245313] systemd[1]: Mounted Huge Pages File System.
[[0;32m  OK  [0m] Mounted Huge Pages File System.
[    8.256450] systemd[1]: Mounted Debug File System.
[[0;32m  OK  [0m] Mounted Debug File System.
[    8.258899] systemd[1]: Mounted POSIX Message Queue File System.
[[0;32m  OK  [0m] Mounted POSIX Message Queue File System.
[    8.268933] systemd[1]: Started Journal Service.
[[0;32m  OK  [0m] Started Journal Service.
[[0;32m  OK  [0m] Started Uncomplicated firewall.
[[0;32m  OK  [0m] Started Remount Root and Kernel File Systems.
[[0;32m  OK  [0m] Started Create list of required sta...ce nodes for the current kernel.
         Starting Create Static Device Nodes in /dev...
         Starting udev Coldplug all Devices...
         Starting Load/Save Random Seed...
         Starting Flush Journal to Persistent Storage...
[[0;32m  OK  [0m] Started Nameserver information manager.
[    8.342880] Loading iSCSI transport class v2.0-870.
[[0;32m  OK  [0m] Started Load/Save Random Seed.
[[0;32m  OK  [0m] Started Set console keymap.
[    8.424182] iscsi: registered transport (tcp)
[    8.433372] systemd-journald[379]: Received request to flush runtime journal from PID 1
[[0;32m  OK  [0m] Started Flush Journal to Persistent Storage.
[[0;32m  OK  [0m] Started udev Coldplug all Devices.
[[0;32m  OK  [0m] Started LVM2 metadata daemon.
[    8.630220] iscsi: registered transport (iser)
[[0;32m  OK  [0m] Started Load Kernel Modules.
         Mounting FUSE Control File System...
         Starting Apply Kernel Variables...
[[0;32m  OK  [0m] Mounted FUSE Control File System.
[[0;32m  OK  [0m] Started Apply Kernel Variables.
[[0;32m  OK  [0m] Started Create Static Device Nodes in /dev.
         Starting udev Kernel Device Manager...
[[0;32m  OK  [0m] Started udev Kernel Device Manager.
[[0;32m  OK  [0m] Started Dispatch Password Requests to Console Directory Watch.
[[0;32m  OK  [0m] Found device /dev/ttyS0.
[[0;32m  OK  [0m] Listening on Load/Save RF Kill Switch Status /dev/rfkill Watch.
[[0;32m  OK  [0m] Started Monitoring of LVM2 mirrors,...ng dmeventd or progress polling.
[[0;32m  OK  [0m] Reached target Local File Systems (Pre).
[[0;32m  OK  [0m] Reached target Local File Systems.
         Starting LSB: AppArmor initialization...
         Starting Create Volatile Files and Directories...
         Starting Initial cloud-init job (pre-networking)...
         Starting Set console font and keymap...
         Starting Tell Plymouth To Write Out Runtime Data...
[[0;32m  OK  [0m] Found device 82540EM Gigabit Ethern...r (PRO/1000 MT Desktop Adapter).
[[0;32m  OK  [0m] Found device 82540EM Gigabit Ethern...r (PRO/1000 MT Desktop Adapter).
[[0;32m  OK  [0m] Started Tell Plymouth To Write Out Runtime Data.
[[0;32m  OK  [0m] Started Create Volatile Files and Directories.
         Starting Update UTMP about System Boot/Shutdown...
[[0;32m  OK  [0m] Started Update UTMP about System Boot/Shutdown.
[[0;32m  OK  [0m] Started Set console font and keymap.
[[0;32m  OK  [0m] Created slice system-getty.slice.
[[0;32m  OK  [0m] Started LSB: AppArmor initialization.
         Starting Load AppArmor profiles managed internally by snapd...
[[0;32m  OK  [0m] Started Load AppArmor profiles managed internally by snapd.
[   13.232204] cloud-init[625]: Cloud-init v. 19.4-33-gbb4131a2-0ubuntu1~16.04.1 running 'init-local' at Wed, 23 Dec 2020 10:44:31 +0000. Up 12.64 seconds.
[[0;32m  OK  [0m] Started Initial cloud-init job (pre-networking).
[[0;32m  OK  [0m] Reached target Network (Pre).
[[0;32m  OK  [0m] Started ifup for enp0s3.
         Starting Raise network interfaces...
[[0;32m  OK  [0m] Started ifup for enp0s8.
[[0;32m  OK  [0m] Started Raise network interfaces.
         Starting Initial cloud-init job (metadata service crawler)...
[[0;32m  OK  [0m] Reached target Network.
[   14.618863] cloud-init[1086]: Cloud-init v. 19.4-33-gbb4131a2-0ubuntu1~16.04.1 running 'init' at Wed, 23 Dec 2020 10:44:32 +0000. Up 14.11 seconds.
[   14.628775] cloud-init[1086]: ci-info: ++++++++++++++++++++++++++++++++++++++Net device info+++++++++++++++++++++++++++++++++++++++
[   14.637124] cloud-init[1086]: ci-info: +--------+------+-----------------------------+---------------+--------+-------------------+
[   14.639093] cloud-init[1086]: ci-info: | Device |  Up  |           Address           |      Mask     | Scope  |     Hw-Address    |
[   14.641132] cloud-init[1086]: ci-info: +--------+------+-----------------------------+---------------+--------+-------------------+
[   14.643075] cloud-init[1086]: ci-info: | enp0s3 | True |          10.0.2.15          | 255.255.255.0 | global | 02:ba:b8:ca:39:a3 |
[   14.644895] cloud-init[1086]: ci-info: | enp0s3 | True |  fe80::ba:b8ff:feca:39a3/64 |       .       |  link  | 02:ba:b8:ca:39:a3 |
[   14.646811] cloud-init[1086]: ci-info: | enp0s8 | True |        192.168.33.42        | 255.255.255.0 | global | 08:00:27:9d:af:8f |
[   14.648662] cloud-init[1086]: ci-info: | enp0s8 | True | fe80::a00:27ff:fe9d:af8f/64 |       .       |  link  | 08:00:27:9d:af:8f |
[   14.650544] cloud-init[1086]: ci-info: |   lo   | True |          127.0.0.1          |   255.0.0.0   |  host  |         .         |
[   14.652426] cloud-init[1086]: ci-info: |   lo   | True |           ::1/128           |       .       |  host  |         .         |
[   14.654332] cloud-init[1086]: ci-info: +--------+------+-----------------------------+---------------+--------+-------------------+
[   14.656064] cloud-init[1086]: ci-info: ++++++++++++++++++++++++++++Route IPv4 info++++++++++++++++++++++++++++
[   14.657865] cloud-init[1086]: ci-info: +-------+--------------+----------+---------------+-----------+-------+
[   14.668810] cloud-init[1086]: ci-info: | Route | Destination  | Gateway  |    Genmask    | Interface | Flags |
[[0;32m  OK  [0m] Started Initial cloud-init job (metadata service crawler).
[[0;32m  OK  [0m] Reached target Cloud-config availability.
[[0;32m  OK  [0m] Reached target System Initialization.
[[0;32m  OK  [0m] Listening on ACPID Listen Socket.
[   14.682940] cloud-init[1086]: ci-info: +-------+--------------+----------+---------------+-----------+-------+
[   14.700449] cloud-init[1086]: ci-info: |   0   |   0.0.0.0    | 10.0.2.2 |    0.0.0.0    |   enp0s3  |   UG  |
[   14.708947] cloud-init[1086]: ci-info: |   1   |   10.0.2.0   | 0.0.0.0  | 255.255.255.0 |   enp0s3  |   U   |
[   14.716829] cloud-init[1086]: ci-info: |   2   | 192.168.33.0 | 0.0.0.0  | 255.255.255.0 |   enp0s8  |   U   |
[[0;32m  OK  [0m] Started ACPI Events Check.
[   14.727255] cloud-init[1086]: ci-info: +-------+--------------+----------+---------------+-----------+-------+
[   14.731262] cloud-init[1086]: ci-info: +++++++++++++++++++Route IPv6 info+++++++++++++++++++
[   14.731563] cloud-init[1086]: ci-info: +-------+-------------+---------+-----------+-------+
[   14.731815] cloud-init[1086]: ci-info: | Route | Destination | Gateway | Interface | Flags |
[   14.732487] cloud-init[1086]: ci-info: +-------+-------------+---------+-----------+-------+
[   14.732825] cloud-init[1086]: ci-info: |   0   |  fe80::/64  |    ::   |   enp0s8  |   U   |
[   14.733310] cloud-init[1086]: ci-info: |   1   |  fe80::/64  |    ::   |   enp0s3  |   U   |
[   14.733558] cloud-init[1086]: ci-info: |   4   |   ff00::/8  |    ::   |   enp0s8  |   U   |
[   14.733720] cloud-init[1086]: ci-info: |   5   |   ff00::/8  |    ::   |   enp0s3  |   U   |
[   14.734177] cloud-init[1086]: ci-info: +-------+-------------+---------+-----------+-------+
[[0;32m  OK  [0m] Reached target Paths.
[[0;32m  OK  [0m] Listening on D-Bus System Message Bus Socket.
[[0;32m  OK  [0m] Started Clean PHP session files every 30 mins.
[[0;32m  OK  [0m] Started Message of the Day.
[[0;32m  OK  [0m] Started Daily Cleanup of Temporary Directories.
         Starting LXD - unix socket.
[[0;32m  OK  [0m] Listening on UUID daemon activation socket.
         Starting Socket activation for snappy daemon.
[[0;32m  OK  [0m] Started Daily apt download activities.
[[0;32m  OK  [0m] Started Daily apt upgrade and clean activities.
[[0;32m  OK  [0m] Reached target Timers.
[[0;32m  OK  [0m] Reached target Network is Online.
         Starting iSCSI initiator daemon (iscsid)...
[[0;32m  OK  [0m] Listening on LXD - unix socket.
[[0;32m  OK  [0m] Listening on Socket activation for snappy daemon.
[[0;32m  OK  [0m] Reached target Sockets.
[[0;32m  OK  [0m] Reached target Basic System.
[[0;32m  OK  [0m] Started Regular background program processing daemon.
         Starting Virtualbox guest utils...
         Starting MySQL Community Server...
         Starting Message of the Day...
         Starting LSB: MD monitoring daemon...
[[0;32m  OK  [0m] Started Deferred execution scheduler.
         Starting Login Service...
         Starting LSB: Record successful boot for GRUB...
         Starting System Logging Service...
[[0;32m  OK  [0m] Started ACPI event daemon.
         Starting Clean php session files...
[[0;32m  OK  [0m] Started FUSE filesystem for LXC.
         Starting Snap Daemon...
         Starting Accounts Service...
         Starting OpenBSD Secure Shell server...
[[0;32m  OK  [0m] Started D-Bus System Message Bus.
         Starting /etc/rc.local Compatibility...
         Starting LXD - container startup/shutdown...
[[0;32m  OK  [0m] Started System Logging Service.
[[0;32m  OK  [0m] Started /etc/rc.local Compatibility.
[[0;32m  OK  [0m] Started LSB: Record successful boot for GRUB.
[[0;32m  OK  [0m] Started Login Service.
[[0;32m  OK  [0m] Started Unattended Upgrades Shutdown.
[[0;32m  OK  [0m] Started LSB: MD monitoring daemon.
[[0;32m  OK  [0m] Started iSCSI initiator daemon (iscsid).
         Starting Login to default iSCSI targets...
[[0;32m  OK  [0m] Started OpenBSD Secure Shell server.
         Starting Authenticate and Authorize Users to Run Privileged Tasks...
[[0;32m  OK  [0m] Started Login to default iSCSI targets.
[[0;32m  OK  [0m] Reached target Remote File Systems (Pre).
[[0;32m  OK  [0m] Reached target Remote File Systems.
         Starting LSB: Apache2 web server...
         Starting LSB: daemon to balance interrupts for SMP systems...
         Starting LSB: automatic crash report generation...
         Starting Permit User Sessions...
         Starting LSB: Set the CPU Frequency Scaling governor to "ondemand"...
[[0;32m  OK  [0m] Started LSB: Set the CPU Frequency Scaling governor to "ondemand".
[[0;32m  OK  [0m] Started Permit User Sessions.
         Starting Terminate Plymouth Boot Screen...
         Starting Hold until boot process finishes up...
[[0;32m  OK  [0m] Started Terminate Plymouth Boot Screen.
[[0;32m  OK  [0m] Started LSB: daemon to balance interrupts for SMP systems.
[[0;32m  OK  [0m] Started Hold until boot process finishes up.
[[0;32m  OK  [0m] Started LSB: automatic crash report generation.
         Starting Set console scheme...
[[0;32m  OK  [0m] Started Serial Getty on ttyS0.
[[0;32m  OK  [0m] Started Getty on tty1.
[[0;32m  OK  [0m] Reached target Login Prompts.
[[0;32m  OK  [0m] Started Authenticate and Authorize Users to Run Privileged Tasks.
[[0;32m  OK  [0m] Started Accounts Service.
[[0;32m  OK  [0m] Started Set console scheme.
[[0;32m  OK  [0m] Started Virtualbox guest utils.
[[0;32m  OK  [0m] Created slice User Slice of vagrant.
         Starting User Manager for UID 1000...
[[0;32m  OK  [0m] Started Session 1 of user vagrant.
[[0;32m  OK  [0m] Started User Manager for UID 1000.
[[0;32m  OK  [0m] Started LXD - container startup/shutdown.
[[0;32m  OK  [0m] Started Snap Daemon.
         Starting Wait until snapd is fully seeded...
[[0;32m  OK  [0m] Started Wait until snapd is fully seeded.
         Starting Apply the settings specified in cloud-config...
[[0;32m  OK  [0m] Started LSB: Apache2 web server.
[[0;32m  OK  [0m] Started Clean php session files.
[   23.272914] cloud-init[1512]: Cloud-init v. 19.4-33-gbb4131a2-0ubuntu1~16.04.1 running 'modules:config' at Wed, 23 Dec 2020 10:44:41 +0000. Up 22.88 seconds.

Ubuntu 16.04.6 LTS ubuntu-xenial ttyS0

ubuntu-xenial login: [   27.576365] cloud-init[1715]: Cloud-init v. 19.4-33-gbb4131a2-0ubuntu1~16.04.1 running 'modules:final' at Wed, 23 Dec 2020 10:44:45 +0000. Up 27.00 seconds.
[   27.576596] cloud-init[1715]: Cloud-init v. 19.4-33-gbb4131a2-0ubuntu1~16.04.1 finished at Wed, 23 Dec 2020 10:44:46 +0000. Datasource DataSourceNoCloud [seed=/dev/sdb][dsmode=net].  Up 27.56 seconds
