[    0.000000] Initializing cgroup subsys cpuset
[    0.000000] Initializing cgroup subsys cpu
[    0.000000] Initializing cgroup subsys cpuacct
[    0.000000] Linux version 4.4.0-177-generic (buildd@lgw01-amd64-035) (gcc version 5.4.0 20160609 (Ubuntu 5.4.0-6ubuntu1~16.04.12) ) #207-Ubuntu SMP Mon Mar 16 01:16:10 UTC 2020 (Ubuntu 4.4.0-177.207-generic 4.4.214)
[    0.000000] Command line: BOOT_IMAGE=/boot/vmlinuz-4.4.0-177-generic root=LABEL=cloudimg-rootfs ro console=tty1 console=ttyS0
[    0.000000] KERNEL supported cpus:
[    0.0l GenuineIntel
[    0.000000]   AMD AuthenticAMD
[    0.000000]   Centaur CentaurHauls
[    0.000000] x86/fpu: xstate_offset[2]:  576, xstate_sizes[2]:  256
[    0.000000] x86/fpu: Supporting XSAVE feature 0x01: 'x87 floating point registers'
[    0.000000] x86/fpu: Supporting XSAVE feature 0x02: 'SSE registers'
[    0.000000] x86/fpu: Supporting XSAVE feature 0x04: 'AVX registers'
[    0.000000] x86/fpu: Enabled xstate features 0x7, context size is 832 bytes, using 'standard' format.
[    0.000000] e820: BIOS-provided physical RAM map:
[    0.000000] BIOS-e820: [mem 0x0000000000000000-0x000000000009fbff] usable
[    0.000000] BIOS-e820: [mem 0x000000000009fc00-0x000000000009ffff] reserved
[    0.000000] BIOS-e820: [mem 0x00000000000f0000-0x00000000000fffff] reserved
[    0.000000] BIOS-e820: [mem 0x0000000000100000-0x000000007ffeffff] usable
[    0.000000] BIOS-e820: [mem 0x000000007fff0000-0x000000007fffffff] ACPI data
[    0.000000] BIOS-e820: [mem 0x00000000fec00000-0x00000000fec00fff] reserved
[    0.000000] BIOS-e820: [mem 0x00000000fee00000-0x00000000fee00fff] reserved
[    0.000000] BIOS-e820: [mem 0x00000000fffc0000-0x00000000ffffffff] reserved
[    0.000000] NX (Execute Disable) protection: active
[    0.000000] SMBIOS 2.5 present.
[    0.000000] Hypervisor detected: KVM
[    0.000000] e820: last_pfn = 0x7fff0 max_arch_pfn = 0x400000000
[    0.000000] MTRR: Disabled
[    0.000000] x86/PAT: MTRRs disabled, skipping PAT initialization too.
[    0.000000] CPU MTRRs all blank - virtualized system.
[    0.000000] x86/PAT: Configuration [0-7]: WB  WT  UC- UC  WB  WT  UC- UC  
[    0.000000] found SMP MP-table at [mem 0x0009fff0-0x0009ffff] mapped at [ffff88000009fff0]
[    0.000000] Scanning 1 areas for low memory corruption
[    0.000000] RAMDISK: [mem 0x362e2000-0x37168fff]
[    0.000000] ACPI: Early table checksum verification disabled
[    0.000000] ACPI: RSDP 0x00000000000E0000 000024 (v02 VBOX  )
[    0.000000] ACPI: XSDT 0x000000007FFF0030 00003C (v01 VBOX   VBOXXSDT 00000001 ASL  00000061)
[    0.000000] ACPI: FACP 0x000000007FFF00F0 0000F4 (v04 VBOX   VBOXFACP 00000001 ASL  00000061)
[    0.000000] ACPI: DSDT 0x000000007FFF0470 002325 (v02 VBOX   VBOXBIOS 00000002 INTL 20100528)
[    0.000000] ACPI: FACS 0x000000007FFF0200 000040
[    0.000000] ACPI: FACS 0x000000007FFF0200 000040
[    0.000000] ACPI: APIC 0x000000007FFF0240 00005C (v02 VBOX   VBOXAPIC 00000001 ASL  00000061)
[    0.000000] ACPI: SSDT 0x000000007FFF02A0 0001CC (v01 VBOX   VBOXCPUT 00000002 INTL 20100528)
[    0.000000] No NUMA configuration found
[    0.000000] Faking a node at [mem 0x0000000000000000-0x000000007ffeffff]
[    0.000000] NODE_DATA(0) allocated [mem 0x7ffeb000-0x7ffeffff]
[    0.000000] kvm-clock: Using msrs 4b564d01 and 4b564d00
[    0.000000] kvm-clock: cpu 0, msr 0:7ffe3001, primary cpu clock
[    0.000000] kvm-clock: using sched offset of 13712169911 cycles
[    0.000000] clocksource: kvm-clock: mask: 0xffffffffffffffff max_cycles: 0x1cd42e4dffb, max_idle_ns: 881590591483 ns
[    0.000000] Zone ranges:
[    0.000000]   DMA      [mem 0x0000000000001000-0x0000000000ffffff]
[    0.000000]   DMA32    [mem 0x0000000001000000-0x000000007ffeffff]
[    0.000000]   Normal   empty
[    0.000000]   Device   empty
[    0.000000] Movable zone start for each node
[    0.000000] Early memory node ranges
[    0.000000]   node   0: [mem 0x0000000000001000-0x000000000009efff]
[    0.000000]   node   0: [mem 0x0000000000100000-0x000000007ffeffff]
[    0.000000] Initmem setup node 0 [mem 0x0000000000001000-0x000000007ffeffff]
[    0.000000] ACPI: PM-Timer IO Port: 0x4008
[    0.000000] IOAPIC[0]: apic_id 2, version 32, address 0xfec00000, GSI 0-23
[    0.000000] ACPI: INT_SRC_OVR (bus 0 bus_irq 0 global_irq 2 dfl dfl)
[    0.000000] ACPI: INT_SRC_OVR (bus 0 bus_irq 9 global_irq 9 low level)
[    0.000000] Using ACPI (MADT) for SMP configuration information
[    0.000000] smpboot: Allowing 2 CPUs, 0 hotplug CPUs
[    0.000000] PM: Registered nosave memory: [mem 0x00000000-0x00000fff]
[    0.000000] PM: Registered nosave memory: [mem 0x0009f000-0x0009ffff]
[    0.000000] PM: Registered nosave memory: [mem 0x000a0000-0x000effff]
[    0.000000] PM: Registered nosave memory: [mem 0x000f0000-0x000fffff]
[    0.000000] e820: [mem 0x80000000-0xfebfffff] available for PCI devices
[    0.000000] Booting paravirtualized kernel on KVM
[    0.000000] clocksource: refined-jiffies: mask: 0xffffffff max_cycles: 0xffffffff, max_idle_ns: 7645519600211568 ns
[    0.000000] setup_percpu: NR_CPUS:512 nr_cpumask_bits:512 nr_cpu_ids:2 nr_node_ids:1
[    0.000000] PERCPU: Embedded 33 pages/cpu @ffff88007fc00000 s95448 r8192 d31528 u1048576
[    0.000000] Built 1 zonelists in Node order, mobility grouping on.  Total pages: 515960
[    0.000000] Policy zone: DMA32
[    0.000000] Kernel command line: BOOT_IMAGE=/boot/vmlinuz-4.4.0-177-generic root=LABEL=cloudimg-rootfs ro console=tty1 console=ttyS0
[    0.000000] PID hash table entries: 4096 (order: 3, 32768 bytes)
[    0.000000] Memory: 2029868K/2096696K available (8626K kernel code, 1336K rwdata, 4036K rodata, 1488K init, 1292K bss, 66828K reserved, 0K cma-reserved)
[    0.000000] SLUB: HWalign=64, Order=0-3, MinObjects=0, CPUs=2, Nodes=1
[    0.000000] Kernel/User page tables isolation: enabled
[    0.000000] Hierarchical RCU implementation.
[    0.000000] 	Build-time adjustment of leaf fanout to 64.
[    0.000000] 	RCU restricting CPUs from NR_CPUS=512 to nr_cpu_ids=2.
[    0.000000] RCU: Adjusting geometry for rcu_fanout_leaf=64, nr_cpu_ids=2
[    0.000000] NR_IRQS:33024 nr_irqs:440 16
[    0.000000] Console: colour VGA+ 80x25
[    0.000000] console [tty1] enabled
[    0.000000] console [ttyS0] enabled
[    0.000000] tsc: Detected 3407.994 MHz processor
[    0.426538] Calibrating delay loop (skipped) preset value.. 6815.98 BogoMIPS (lpj=13631976)
[    0.429185] pid_max: default: 32768 minimum: 301
[    0.430398] ACPI: Core revision 20150930
[    0.434502] ACPI: 2 ACPI AML tables successfully acquired and loaded
[    0.436583] Security Framework initialized
[    0.437571] Yama: becoming mindful.
[    0.438566] AppArmor: AppArmor initialized
[    0.442289] Dentry cache hash table entries: 262144 (order: 9, 2097152 bytes)
[    0.444120] Inode-cache hash table entries: 131072 (order: 8, 1048576 bytes)
[    0.448583] Mount-cache hash table entries: 4096 (order: 3, 32768 bytes)
[    0.450052] Mountpoint-cache hash table entries: 4096 (order: 3, 32768 bytes)
[    0.451801] Initializing cgroup subsys io
[    0.452803] Initializing cgroup subsys memory
[    0.453857] Initializing cgroup subsys devices
[    0.454916] Initializing cgroup subsys freezer
[    0.456020] Initializing cgroup subsys net_cls
[    0.457247] Initializing cgroup subsys perf_event
[    0.458435] Initializing cgroup subsys net_prio
[    0.459579] Initializing cgroup subsys hugetlb
[    0.460695] Initializing cgroup subsys pids
[    0.463103] mce: CPU supports 0 MCE banks
[    0.464245] Last level iTLB entries: 4KB 64, 2MB 8, 4MB 8
[    0.466173] Last level dTLB entries: 4KB 64, 2MB 0, 4MB 0, 1GB 4
[    0.467668] Spectre V1 : Mitigation: usercopy/swapgs barriers and __user pointer sanitization
[    0.470055] Spectre V2 : Mitigation: Full generic retpoline
[    0.471453] Spectre V2 : Spectre v2 / SpectreRSB mitigation: Filling RSB on context switch
[    0.473538] Speculative Store Bypass: Vulnerable
[    0.474792] MDS: Vulnerable: Clear CPU buffers attempted, no microcode
[    0.479087] Freeing SMP alternatives memory: 36K
[    0.486306] ftrace: allocating 32304 entries in 127 pages
[    0.550935] smpboot: APIC(0) Converting physical 0 to logical package 0
[    0.552671] smpboot: Max logical packages: 1
[    0.554265] x2apic enabled
[    0.555414] Switched APIC routing to physical x2apic.
[    0.557961] ..TIMER: vector=0x30 apic1=0 pin1=2 apic2=-1 pin2=-1
[    0.667465] smpboot: CPU0: Intel(R) Core(TM) i7-6700 CPU @ 3.40GHz (family: 0x6, model: 0x5e, stepping: 0x3)
[    0.670024] Performance Events: unsupported p6 CPU model 94 no PMU driver, software events only.
[    0.683510] KVM setup paravirtual spinlock
[    0.687869] x86: Booting SMP configuration:
[    0.689265] .... node  #0, CPUs:      #1
[    0.690611] kvm-clock: cpu 1, msr 0:7ffe3041, secondary cpu clock
[    0.692975] mce: CPU supports 0 MCE banks
[    0.695858] x86: Booted up 1 node, 2 CPUs
[    0.697572] smpboot: Total of 2 processors activated (13631.97 BogoMIPS)
[    0.700065] devtmpfs: initialized
[    0.702753] evm: security.selinux
[    0.703838] evm: security.SMACK64
[    0.704726] evm: security.SMACK64EXEC
[    0.705851] evm: security.SMACK64TRANSMUTE
[    0.707018] evm: security.SMACK64MMAP
[    0.708239] evm: security.ima
[    0.709320] evm: security.capability
[    0.710864] clocksource: jiffies: mask: 0xffffffff max_cycles: 0xffffffff, max_idle_ns: 7645041785100000 ns
[    0.713660] futex hash table entries: 512 (order: 3, 32768 bytes)
[    0.715361] pinctrl core: initialized pinctrl subsystem
[    0.716698] RTC time:  7:19:57, date: 07/20/20
[    0.717936] NET: Registered protocol family 16
[    0.731588] cpuidle: using governor ladder
[    0.744333] cpuidle: using governor menu
[    0.745788] PCCT header not found.
[    0.746933] ACPI: bus type PCI registered
[    0.747989] acpiphp: ACPI Hot Plug PCI Controller Driver version: 0.5
[    0.749816] PCI: Using configuration type 1 for base access
[    0.766062] ACPI: Added _OSI(Module Device)
[    0.767115] ACPI: Added _OSI(Processor Device)
[    0.768326] ACPI: Added _OSI(3.0 _SCP Extensions)
[    0.769488] ACPI: Added _OSI(Processor Aggregator Device)
[    0.771489] ACPI: Executed 1 blocks of module-level executable AML code
[    0.775629] ACPI: Interpreter enabled
[    0.776771] ACPI: (supports S0 S5)
[    0.777772] ACPI: Using IOAPIC for interrupt routing
[    0.779353] PCI: Using host bridge windows from ACPI; if necessary, use "pci=nocrs" and report a bug
[    0.786862] ACPI: PCI Root Bridge [PCI0] (domain 0000 [bus 00-ff])
[    0.790141] acpi PNP0A03:00: _OSC: OS supports [ASPM ClockPM Segments MSI]
[    0.794301] acpi PNP0A03:00: _OSC: not requesting OS control; OS requires [ExtendedConfig ASPM ClockPM MSI]
[    0.799905] acpi PNP0A03:00: fail to add MMCONFIG information, can't access extended PCI configuration space under this bridge.
[    0.806234] PCI host bridge to bus 0000:00
[    0.808560] pci_bus 0000:00: root bus resource [io  0x0000-0x0cf7 window]
[    0.811985] pci_bus 0000:00: root bus resource [io  0x0d00-0xffff window]
[    0.814363] pci_bus 0000:00: root bus resource [mem 0x000a0000-0x000bffff window]
[    0.816804] pci_bus 0000:00: root bus resource [mem 0x80000000-0xfdffffff window]
[    0.819038] pci_bus 0000:00: root bus resource [bus 00-ff]
[    0.822564] pci 0000:00:01.1: legacy IDE quirk: reg 0x10: [io  0x01f0-0x01f7]
[    0.824179] pci 0000:00:01.1: legacy IDE quirk: reg 0x14: [io  0x03f6]
[    0.825704] pci 0000:00:01.1: legacy IDE quirk: reg 0x18: [io  0x0170-0x0177]
[    0.827637] pci 0000:00:01.1: legacy IDE quirk: reg 0x1c: [io  0x0376]
[    0.862928] pci 0000:00:07.0: quirk: [io  0x4000-0x403f] claimed by PIIX4 ACPI
[    0.865148] pci 0000:00:07.0: quirk: [io  0x4100-0x410f] claimed by PIIX4 SMB
[    0.882814] ACPI: PCI Interrupt Link [LNKA] (IRQs 5 9 10 *11)
[    0.885067] ACPI: PCI Interrupt Link [LNKB] (IRQs 5 9 *10 11)
[    0.887549] ACPI: PCI Interrupt Link [LNKC] (IRQs 5 *9 10 11)
[    0.890356] ACPI: PCI Interrupt Link [LNKD] (IRQs 5 9 10 *11)
[    0.893060] ACPI: Enabled 2 GPEs in block 00 to 07
[    0.895046] vgaarb: setting as boot device: PCI:0000:00:02.0
[    0.896458] vgaarb: device added: PCI:0000:00:02.0,decodes=io+mem,owns=io+mem,locks=none
[    0.898380] vgaarb: loaded
[    0.899126] vgaarb: bridge control possible 0000:00:02.0
[    0.900567] SCSI subsystem initialized
[    0.901702] ACPI: bus type USB registered
[    0.902689] usbcore: registered new interface driver usbfs
[    0.903958] usbcore: registered new interface driver hub
[    0.905296] usbcore: registered new device driver usb
[    0.907206] PCI: Using ACPI for IRQ routing
[    0.908779] NetLabel: Initializing
[    0.909673] NetLabel:  domain hash size = 128
[    0.910724] NetLabel:  protocols = UNLABELED CIPSOv4
[    0.912040] NetLabel:  unlabeled traffic allowed by default
[    0.913766] amd_nb: Cannot enumerate AMD northbridges
[    0.915269] clocksource: Switched to clocksource kvm-clock
[    0.927297] AppArmor: AppArmor Filesystem Enabled
[    0.928583] pnp: PnP ACPI init
[    0.930434] pnp: PnP ACPI: found 3 devices
[    0.947031] clocksource: acpi_pm: mask: 0xffffff max_cycles: 0xffffff, max_idle_ns: 2085701024 ns
[    0.949106] NET: Registered protocol family 2
[    0.950335] TCP established hash table entries: 16384 (order: 5, 131072 bytes)
[    0.952164] TCP bind hash table entries: 16384 (order: 6, 262144 bytes)
[    0.953849] TCP: Hash tables configured (established 16384 bind 16384)
[    0.955239] UDP hash table entries: 1024 (order: 3, 32768 bytes)
[    0.956860] UDP-Lite hash table entries: 1024 (order: 3, 32768 bytes)
[    0.958450] NET: Registered protocol family 1
[    0.959567] pci 0000:00:00.0: Limiting direct PCI/PCI transfers
[    0.961040] pci 0000:00:01.0: Activating ISA DMA hang workarounds
[    0.962906] Unpacking initramfs...
[    1.200125] Freeing initrd memory: 14876K
[    1.201342] clocksource: tsc: mask: 0xffffffffffffffff max_cycles: 0x311fcde90a1, max_idle_ns: 440795222066 ns
[    1.203816] platform rtc_cmos: registered platform RTC device (no PNP device found)
[    1.205775] Scanning for low memory corruption every 60 seconds
[    1.207796] audit: initializing netlink subsys (disabled)
[    1.209289] audit: type=2000 audit(1595229612.996:1): initialized
[    1.211119] Initialise system trusted keyring
[    1.212581] HugeTLB registered 2 MB page size, pre-allocated 0 pages
[    1.215995] zbud: loaded
[    1.217320] VFS: Disk quotas dquot_6.6.0
[    1.218436] VFS: Dquot-cache hash table entries: 512 (order 0, 4096 bytes)
[    1.220279] squashfs: version 4.0 (2009/01/31) Phillip Lougher
[    1.222227] fuse init (API version 7.23)
[    1.223630] Key type big_key registered
[    1.224823] Allocating IMA MOK and blacklist keyrings.
[    1.229691] Key type asymmetric registered
[    1.230811] Asymmetric key parser 'x509' registered
[    1.232186] Block layer SCSI generic (bsg) driver version 0.4 loaded (major 249)
[    1.234180] io scheduler noop registered
[    1.235409] io scheduler deadline registered (default)
[    1.236973] io scheduler cfq registered
[    1.238009] pci_hotplug: PCI Hot Plug PCI Core version: 0.5
[    1.239396] pciehp: PCI Express Hot Plug Controller Driver version: 0.4
[    1.241144] ACPI: AC Adapter [AC] (on-line)
[    1.242325] input: Power Button as /devices/LNXSYSTM:00/LNXPWRBN:00/input/input0
[    1.244562] ACPI: Power Button [PWRF]
[    1.245713] input: Sleep Button as /devices/LNXSYSTM:00/LNXSLPBN:00/input/input1
[    1.247853] ACPI: Sleep Button [SLPF]
[    1.249221] GHES: HEST is not enabled!
[    1.250501] Serial: 8250/16550 driver, 32 ports, IRQ sharing enabled
[    1.272560] 00:02: ttyS0 at I/O 0x3f8 (irq = 4, base_baud = 115200) is a 16550A
[    1.278635] Linux agpgart interface v0.103
[    1.285018] loop: module loaded
[    1.286662] scsi host0: ata_piix
[    1.287894] scsi host1: ata_piix
[    1.289019] ata1: PATA max UDMA/33 cmd 0x1f0 ctl 0x3f6 bmdma 0xd000 irq 14
[    1.290606] ata2: PATA max UDMA/33 cmd 0x170 ctl 0x376 bmdma 0xd008 irq 15
[    1.292436] libphy: Fixed MDIO Bus: probed
[    1.293549] tun: Universal TUN/TAP device driver, 1.6
[    1.294976] tun: (C) 1999-2004 Max Krasnyansky <maxk@qualcomm.com>
[    1.296803] PPP generic driver version 2.4.2
[    1.298207] ehci_hcd: USB 2.0 'Enhanced' Host Controller (EHCI) Driver
[    1.299632] ehci-pci: EHCI PCI platform driver
[    1.300773] ehci-platform: EHCI generic platform driver
[    1.302109] ohci_hcd: USB 1.1 'Open' Host Controller (OHCI) Driver
[    1.303636] ohci-pci: OHCI PCI platform driver
[    1.305017] ohci-platform: OHCI generic platform driver
[    1.306710] uhci_hcd: USB Universal Host Controller Interface driver
[    1.308780] i8042: PNP: PS/2 Controller [PNP0303:PS2K,PNP0f03:PS2M] at 0x60,0x64 irq 1,12
[    1.312867] serio: i8042 KBD port at 0x60,0x64 irq 1
[    1.314129] serio: i8042 AUX port at 0x60,0x64 irq 12
[    1.315927] mousedev: PS/2 mouse device common for all mice
[    1.317870] input: AT Translated Set 2 keyboard as /devices/platform/i8042/serio0/input/input2
[    1.320961] rtc_cmos rtc_cmos: rtc core: registered rtc_cmos as rtc0
[    1.322486] rtc_cmos rtc_cmos: alarms up to one day, 114 bytes nvram
[    1.324024] i2c /dev entries driver
[    1.325053] device-mapper: uevent: version 1.0.3
[    1.326458] device-mapper: ioctl: 4.34.0-ioctl (2015-10-28) initialised: dm-devel@redhat.com
[    1.329150] ledtrig-cpu: registered to indicate activity on CPUs
[    1.331548] NET: Registered protocol family 10
[    1.332962] NET: Registered protocol family 17
[    1.334074] Key type dns_resolver registered
[    1.336157] registered taskstats version 1
[    1.337241] Loading compiled-in X.509 certificates
[    1.339005] Loaded X.509 cert 'Build time autogenerated kernel key: a048edf52b07f04005c7780de0f875c713550332'
[    1.341639] zswap: loaded using pool lzo/zbud
[    1.345156] Key type trusted registered
[    1.349479] Key type encrypted registered
[    1.350717] AppArmor: AppArmor sha1 policy hashing enabled
[    1.352477] ima: No TPM chip found, activating TPM-bypass!
[    1.353933] ima: Allocated hash algorithm: sha1
[    1.355514] evm: HMAC attrs: 0x1
[    1.356986]   Magic number: 12:520:319
[    1.358003] tty tty44: hash matches
[    1.359200] rtc_cmos rtc_cmos: setting system clock to 2020-07-20 07:19:58 UTC (1595229598)
[    1.361655] BIOS EDD facility v0.16 2004-Jun-25, 0 devices found
[    1.363211] EDD information not available.
[    1.474037] Freeing unused kernel memory: 1488K
[    1.475413] Write protecting the kernel read-only data: 14336k
[    1.477653] Freeing unused kernel memory: 1604K
[    1.479166] Freeing unused kernel memory: 60K
Loading, please wait...
starting version 229
[    1.493359] random: systemd-udevd: uninitialized urandom read (16 bytes read, 3 bits of entropy available)
[    1.493882] random: udevadm: uninitialized urandom read (16 bytes read, 3 bits of entropy available)
[    1.493899] random: udevadm: uninitialized urandom read (16 bytes read, 3 bits of entropy available)
[    1.500678] random: systemd-udevd: uninitialized urandom read (16 bytes read, 3 bits of entropy available)
[    1.501446] random: udevadm: uninitialized urandom read (16 bytes read, 3 bits of entropy available)
[    1.501487] random: udevadm: uninitialized urandom read (16 bytes read, 3 bits of entropy available)
[    1.501611] random: udevadm: uninitialized urandom read (16 bytes read, 3 bits of entropy available)
[    1.501654] random: udevadm: uninitialized urandom read (16 bytes read, 3 bits of entropy available)
[    1.501697] random: udevadm: uninitialized urandom read (16 bytes read, 3 bits of entropy available)
[    1.501741] random: udevadm: uninitialized urandom read (16 bytes read, 3 bits of entropy available)
[    1.550846] Fusion MPT base driver 3.04.20
[    1.552120] Copyright (c) 1999-2008 LSI Corporation
[    1.554415] e1000: Intel(R) PRO/1000 Network Driver - version 7.3.21-k8-NAPI
[    1.556367] e1000: Copyright (c) 1999-2006 Intel Corporation.
[    1.567233] AVX2 version of gcm_enc/dec engaged.
[    1.568511] AES CTR mode by8 optimization enabled
[    1.570693] Fusion MPT SPI Host driver 3.04.20
[    1.756088] input: ImExPS/2 Generic Explorer Mouse as /devices/platform/i8042/serio1/input/input4
[    1.936686] e1000 0000:00:03.0 eth0: (PCI:33MHz:32-bit) 02:ba:b8:ca:39:a3
[    1.938322] e1000 0000:00:03.0 eth0: Intel(R) PRO/1000 Network Connection
[    2.336201] e1000 0000:00:08.0 eth1: (PCI:33MHz:32-bit) 08:00:27:1c:d6:56
[    2.339749] e1000 0000:00:08.0 eth1: Intel(R) PRO/1000 Network Connection
[    2.345053] mptbase: ioc0: Initiating bringup
[    2.345529] e1000 0000:00:08.0 enp0s8: renamed from eth1
[    2.361011] e1000 0000:00:03.0 enp0s3: renamed from eth0
[    2.579952] ioc0: LSI53C1030 A0: Capabilities={Initiator}
[    4.335769] scsi host2: ioc0: LSI53C1030 A0, FwRev=00000000h, Ports=1, MaxQ=256, IRQ=20
[    5.821023] scsi 2:0:0:0: Direct-Access     VBOX     HARDDISK         1.0  PQ: 0 ANSI: 5
[    5.826399] scsi target2:0:0: Beginning Domain Validation
[    5.831765] scsi target2:0:0: Domain Validation skipping write tests
[    5.834858] scsi target2:0:0: Ending Domain Validation
[    5.837984] scsi target2:0:0: asynchronous
[    5.841036] scsi 2:0:1:0: Direct-Access     VBOX     HARDDISK         1.0  PQ: 0 ANSI: 5
[    5.860800] scsi target2:0:1: Beginning Domain Validation
[    5.864576] scsi target2:0:1: Domain Validation skipping write tests
[    5.866077] scsi target2:0:1: Ending Domain Validation
[    5.867450] scsi target2:0:1: asynchronous
[    5.876863] sd 2:0:0:0: Attached scsi generic sg0 type 0
[    5.876869] sd 2:0:0:0: [sda] 20971520 512-byte logical blocks: (10.7 GB/10.0 GiB)
[    5.880264] sd 2:0:0:0: [sda] Write Protect is off
[    5.881739] sd 2:0:1:0: Attached scsi generic sg1 type 0
[    5.883085] sd 2:0:1:0: [sdb] 20480 512-byte logical blocks: (10.5 MB/10.0 MiB)
[    5.883357] sd 2:0:0:0: [sda] Incomplete mode parameter data
[    5.883359] sd 2:0:0:0: [sda] Assuming drive cache: write through
[    5.888554] sd 2:0:1:0: [sdb] Write Protect is off
[    5.889930] sd 2:0:1:0: [sdb] Incomplete mode parameter data
[    5.891102] sd 2:0:1:0: [sdb] Assuming drive cache: write through
[    6.033815]  sda: sda1
[    6.042238] sd 2:0:0:0: [sda] Attached SCSI disk
[    6.164959] sd 2:0:1:0: [sdb] Attached SCSI disk
Begin: Loading essential drivers ... [    8.856853] md: linear personality registered for level -1
[    8.861287] md: multipath personality registered for level -4
[    8.865513] md: raid0 personality registered for level 0
[    8.871639] md: raid1 personality registered for level 1
[    8.944049] raid6: sse2x1   gen() 11415 MB/s
[    9.011507] raid6: sse2x1   xor()  8836 MB/s
[    9.079975] raid6: sse2x2   gen() 13726 MB/s
[    9.147336] raid6: sse2x2   xor() 10139 MB/s
[    9.215294] raid6: sse2x4   gen() 16429 MB/s
[    9.283752] raid6: sse2x4   xor()  8931 MB/s
[    9.351297] raid6: avx2x1   gen() 24274 MB/s
[    9.419592] raid6: avx2x2   gen() 23089 MB/s
[    9.487889] raid6: avx2x4   gen() 30549 MB/s
[    9.489204] raid6: using algorithm avx2x4 gen() 30549 MB/s
[    9.490590] raid6: using avx2x2 recovery algorithm
[    9.493084] xor: automatically using best checksumming function:
[    9.531450]    avx       : 27978.000 MB/sec
[    9.533630] async_tx: api initialized (async)
[    9.543123] md: raid6 personality registered for level 6
[    9.544583] md: raid5 personality registered for level 5
[    9.545966] md: raid4 personality registered for level 4
[    9.554118] md: raid10 personality registered for level 10
done.
Begin: Running /scripts/init-premount ... done.
Begin: Mounting root file system ... Begin: Running /scripts/local-top ... done.
Begin: Running /scripts/local-premount ... [    9.584613] Btrfs loaded
Scanning for Btrfs filesystems
[    9.956573] random: nonblocking pool is initialized
done.
Warning: fsck not present, so skipping root file system
[   10.066848] EXT4-fs (sda1): mounted filesystem with ordered data mode. Opts: (null)
done.
Begin: Running /scripts/local-bottom ... done.
Begin: Running /scripts/init-bottom ... done.
[   10.967497] systemd[1]: systemd 229 running in system mode. (+PAM +AUDIT +SELINUX +IMA +APPARMOR +SMACK +SYSVINIT +UTMP +LIBCRYPTSETUP +GCRYPT +GNUTLS +ACL +XZ -LZ4 +SECCOMP +BLKID +ELFUTILS +KMOD -IDN)
[   10.972955] systemd[1]: Detected virtualization oracle.
[   10.974432] systemd[1]: Detected architecture x86-64.

Welcome to [1mUbuntu 16.04.6 LTS[0m!

[   11.058109] systemd[1]: Set hostname to <ubuntu>.
[   11.116374] systemd[1]: Initializing machine ID from random generator.
[   11.121972] systemd[1]: Installed transient /etc/machine-id file.
[   12.997506] systemd[1]: Listening on Device-mapper event daemon FIFOs.
[[0;32m  OK  [0m] Listening on Device-mapper event daemon FIFOs.
[   13.001055] systemd[1]: Started Trigger resolvconf update for networkd DNS.
[[0;32m  OK  [0m] Started Trigger resolvconf update for networkd DNS.
[   13.005225] systemd[1]: Listening on Journal Socket.
[[0;32m  OK  [0m] Listening on Journal Socket.
[   13.009816] systemd[1]: Reached target Swap.
[[0;32m  OK  [0m] Reached target Swap.
[   13.013033] systemd[1]: Created slice User and Session Slice.
[[0;32m  OK  [0m] Created slice User and Session Slice.
[   13.023980] systemd[1]: Reached target Encrypted Volumes.
[[0;32m  OK  [0m] Reached target Encrypted Volumes.
[   13.031968] systemd[1]: Listening on udev Control Socket.
[[0;32m  OK  [0m] Listening on udev Control Socket.
[   13.034886] systemd[1]: Started Forward Password Requests to Wall Directory Watch.
[[0;32m  OK  [0m] Started Forward Password Requests to Wall Directory Watch.
[   13.039135] systemd[1]: Listening on /dev/initctl Compatibility Named Pipe.
[[0;32m  OK  [0m] Listening on /dev/initctl Compatibility Named Pipe.
[   13.042601] systemd[1]: Listening on udev Kernel Socket.
[[0;32m  OK  [0m] Listening on udev Kernel Socket.
[   13.045541] systemd[1]: Reached target System Time Synchronized.
[[0;32m  OK  [0m] Reached target System Time Synchronized.
[   13.056347] systemd[1]: Set up automount Arbitrary Executable File Formats File System Automount Point.
[[0;32m  OK  [0m] Set up automount Arbitrary Executab...ats File System Automount Point.
[   13.064122] systemd[1]: Created slice System Slice.
[[0;32m  OK  [0m] Created slice System Slice.
[   13.075616] systemd[1]: Mounting POSIX Message Queue File System...
         Mounting POSIX Message Queue File System...
[   13.079257] systemd[1]: Starting Remount Root and Kernel File Systems...
         Starting Remount Root and Kernel File Systems...
[   13.088761] systemd[1]: Created slice system-serial\x2dgetty.slice.
[[0;32m  OK  [0m] Created slice system-serial\x2dgetty.slice.
[   13.092155] systemd[1]: Reached target Slices.
[[0;32m  OK  [0m] Reached target Slices.
[   13.094580] systemd[1]: Mounting Huge Pages File System...
         Mounting Huge Pages File System...
[   13.441204] EXT4-fs (sda1): re-mounted. Opts: (null)
[   13.459951] systemd[1]: Starting Load Kernel Modules...
         Starting Load Kernel Modules...
[   13.467590] systemd[1]: Mounting Debug File System...
         Mounting Debug File System...
[   13.480653] systemd[1]: Starting Nameserver information manager...
         Starting Nameserver information manager...
[   13.492549] systemd[1]: Reached target User and Group Name Lookups.
[[0;32m  OK  [0m] Reached target User and Group Name Lookups.
[   13.496623] systemd[1]: Listening on LVM2 metadata daemon socket.
[[0;32m  OK  [0m] Listening on LVM2 metadata daemon socket.
[   13.523805] systemd[1]: Starting Monitoring of LVM2 mirrors, snapshots etc. using dmeventd or progress polling...
         Starting Monitoring of LVM2 mirrors... dmeventd or progress polling...
[   13.531032] systemd[1]: Listening on Journal Audit Socket.
[[0;32m  OK  [0m] Listening on Journal Audit Socket.
[   13.568343] systemd[1]: Listening on Journal Socket (/dev/log).
[[0;32m  OK  [0m] Listening on Journal Socket (/dev/log).
[   13.572414] systemd[1]: Listening on LVM2 poll daemon socket.
[[0;32m  OK  [0m] Listening on LVM2 poll daemon socket.
[   13.591905] systemd[1]: Starting Uncomplicated firewall...
         Starting Uncomplicated firewall...
[   13.599359] systemd[1]: Starting Set console keymap...
         Starting Set console keymap...
[   13.612621] systemd[1]: Listening on Syslog Socket.
[[0;32m  OK  [0m] Listening on Syslog Socket.
[   13.619652] systemd[1]: Starting Journal Service...
         Starting Journal Service...
[   13.626137] systemd[1]: Starting Create list of required static device nodes for the current kernel...
[   13.631978] Loading iSCSI transport class v2.0-870.
         Starting Create list of required st... nodes for the current kernel...
[   13.637837] systemd[1]: Mounted Huge Pages File System.
[[0;32m  OK  [0m] Mounted Huge Pages File System.
[   13.647749] systemd[1]: Mounted Debug File System.
[[0;32m  OK  [0m] Mounted Debug File System.
[   13.650779] systemd[1]: Mounted POSIX Message Queue File System.
[[0;32m  OK  [0m] Mounted POSIX Message Queue File System.
[   13.655037] systemd[1]: Started Remount Root and Kernel File Systems.
[[0;32m  OK  [0m] Started Remount Root and Kernel File Systems.
[   13.672665] systemd[1]: Started Uncomplicated firewall.
[[0;32m  OK  [0m] Started Uncomplicated firewall.
[   13.771920] systemd[1]: Starting udev Coldplug all Devices...
         Starting udev Coldplug all Devices...
[   13.781420] systemd[1]: Starting Load/Save Random Seed...
         Starting Load/Save Random Seed...
[   13.788696] systemd[1]: Started Create list of required static device nodes for the current kernel.
[[0;32m  OK  [0m] Started Create list of required sta...ce nodes for the current kernel.
[   13.820621] systemd[1]: Started Nameserver information manager.
[[0;32m  OK  [0m] Started Nameserver information manager.
[   13.830232] systemd[1]: Starting Create Static Device Nodes in /dev...
         Starting Create Static Device Nodes in /dev...
[   13.896238] iscsi: registered transport (tcp)
[   13.905585] systemd[1]: Started Set console keymap.
[[0;32m  OK  [0m] Started Set console keymap.
[   13.999785] systemd[1]: Started Load/Save Random Seed.
[[0;32m  OK  [0m] Started Load/Save Random Seed.
[   14.178390] systemd[1]: Started udev Coldplug all Devices.
[[0;32m  OK  [0m] Started udev Coldplug all Devices.
[   14.259730] systemd[1]: Started LVM2 metadata daemon.
[[0;32m  OK  [0m] Started LVM2 metadata daemon.
[   14.440055] systemd[1]: Started Journal Service.
[[0;32m  OK  [0m] Started Journal Service.
         Starting Flush Journal to Persistent Storage...
[   14.719312] systemd-journald[392]: Received request to flush runtime journal from PID 1
[[0;32m  OK  [0m] Started Flush Journal to Persistent Storage.
[   14.809591] iscsi: registered transport (iser)
[[0;32m  OK  [0m] Started Load Kernel Modules.
         Mounting FUSE Control File System...
         Starting Apply Kernel Variables...
[[0;32m  OK  [0m] Mounted FUSE Control File System.
[[0;32m  OK  [0m] Started Apply Kernel Variables.
[[0;32m  OK  [0m] Started Monitoring of LVM2 mirrors,...ng dmeventd or progress polling.
[[0;32m  OK  [0m] Started Create Static Device Nodes in /dev.
         Starting udev Kernel Device Manager...
[[0;32m  OK  [0m] Reached target Local File Systems (Pre).
[[0;32m  OK  [0m] Reached target Local File Systems.
         Starting LSB: AppArmor initialization...
         Starting Set console font and keymap...
         Starting Initial cloud-init job (pre-networking)...
         Starting Tell Plymouth To Write Out Runtime Data...
         Starting Commit a transient machine-id on disk...
         Starting Create Volatile Files and Directories...
[[0;32m  OK  [0m] Started Commit a transient machine-id on disk.
[[0;32m  OK  [0m] Started Tell Plymouth To Write Out Runtime Data.
[[0;32m  OK  [0m] Started Create Volatile Files and Directories.
         Starting Update UTMP about System Boot/Shutdown...
[[0;32m  OK  [0m] Started Update UTMP about System Boot/Shutdown.
[[0;32m  OK  [0m] Started udev Kernel Device Manager.
[[0;32m  OK  [0m] Started Dispatch Password Requests to Console Directory Watch.
[[0;32m  OK  [0m] Found device /dev/ttyS0.
[[0;32m  OK  [0m] Listening on Load/Save RF Kill Switch Status /dev/rfkill Watch.
[[0;32m  OK  [0m] Started LSB: AppArmor initialization.
[[0;32m  OK  [0m] Started Set console font and keymap.
[[0;32m  OK  [0m] Created slice system-getty.slice.
[   45.866132] cloud-init[464]: Cloud-init v. 19.4-33-gbb4131a2-0ubuntu1~16.04.1 running 'init-local' at Mon, 20 Jul 2020 07:20:40 +0000. Up 42.59 seconds.
[[0;32m  OK  [0m] Started Initial cloud-init job (pre-networking).
[[0;32m  OK  [0m] Reached target Network (Pre).
         Starting Raise network interfaces...
[[0;32m  OK  [0m] Started Raise network interfaces.
         Starting Initial cloud-init job (metadata service crawler)...
[[0;32m  OK  [0m] Reached target Network.
[   52.983666] cloud-init[964]: Cloud-init v. 19.4-33-gbb4131a2-0ubuntu1~16.04.1 running 'init' at Mon, 20 Jul 2020 07:20:46 +0000. Up 48.94 seconds.
[   52.985459] cloud-init[964]: ci-info: ++++++++++++++++++++++++++++++++++++++Net device info+++++++++++++++++++++++++++++++++++++++
[   52.986887] cloud-init[964]: ci-info: +--------+-------+----------------------------+---------------+--------+-------------------+
[   52.988129] cloud-init[964]: ci-info: | Device |   Up  |          Address           |      Mask     | Scope  |     Hw-Address    |
[   52.990136] cloud-init[964]: ci-info: +--------+-------+----------------------------+---------------+--------+-------------------+
[   52.992214] cloud-init[964]: ci-info: | enp0s3 |  True |         10.0.2.15          | 255.255.255.0 | global | 02:ba:b8:ca:39:a3 |
[   52.994232] cloud-init[964]: ci-info: | enp0s3 |  True | fe80::ba:b8ff:feca:39a3/64 |       .       |  link  | 02:ba:b8:ca:39:a3 |
[   52.996149] cloud-init[964]: ci-info: | enp0s8 | False |             .              |       .       |   .    | 08:00:27:1c:d6:56 |
[   53.005287] cloud-init[964]: ci-info: |   lo   |  True |         127.0.0.1          |   255.0.0.0   |  host  |         .         |
[   53.007753] cloud-init[964]: ci-info: |   lo   |  True |          ::1/128           |       .       |  host  |         .         |
[   53.009505] cloud-init[964]: ci-info: +--------+-------+----------------------------+---------------+--------+-------------------+
[   53.017012] cloud-init[964]: ci-info: +++++++++++++++++++++++++++Route IPv4 info++++++++++++++++++++++++++++
[   53.018731] cloud-init[964]: ci-info: +-------+-------------+----------+---------------+-----------+-------+
[   53.020277] cloud-init[964]: ci-info: | Route | Destination | Gateway  |    Genmask    | Interface | Flags |
[   53.021646] cloud-init[964]: ci-info: +-------+-------------+----------+---------------+-----------+-------+
[   53.023291] cloud-init[964]: ci-info: |   0   |   0.0.0.0   | 10.0.2.2 |    0.0.0.0    |   enp0s3  |   UG  |
[   53.024627] cloud-init[964]: ci-info: |   1   |   10.0.2.0  | 0.0.0.0  | 255.255.255.0 |   enp0s3  |   U   |
[   53.026402] cloud-init[964]: ci-info: +-------+-------------+----------+---------------+-----------+-------+
[   53.032475] cloud-init[964]: ci-info: +++++++++++++++++++Route IPv6 info+++++++++++++++++++
[   53.033912] cloud-init[964]: ci-info: +-------+-------------+---------+-----------+-------+
[   53.035344] cloud-init[964]: ci-info: | Route | Destination | Gateway | Interface | Flags |
[   53.036779] cloud-init[964]: ci-info: +-------+-------------+---------+-----------+-------+
[   53.038286] cloud-init[964]: ci-info: |   0   |  fe80::/64  |    ::   |   enp0s3  |   U   |
[   53.039964] cloud-init[964]: ci-info: |   3   |   ff00::/8  |    ::   |   enp0s3  |   U   |
[   53.041436] cloud-init[964]: ci-info: +-------+-------------+---------+-----------+-------+
[   53.048946] cloud-init[964]: Generating public/private rsa key pair.
[   53.056878] cloud-init[964]: Your identification has been saved in /etc/ssh/ssh_host_rsa_key.
[   53.057044] cloud-init[964]: Your public key has been saved in /etc/ssh/ssh_host_rsa_key.pub.
[   53.057288] cloud-init[964]: The key fingerprint is:
[[0;32m  OK  [0m] Started Initial cloud-init job (metadata service crawler).
[   53.057473] cloud-init[964]: SHA256:8UUWNWiSyyNNbu9TF/n6rTZaUtRnhlcB52l9xzXscd4 root@ubuntu-xenial
[   53.065753] cloud-init[964]: The key's randomart image is:
[   53.065915] cloud-init[964]: +---[RSA 2048]----+
[   53.066091] cloud-init[964]: |           .+==++|
[[0;32m  OK  [0m] Reached target Network is Online.
[   53.066437] cloud-init[964]: |          +oo oBB|
[   53.073318] cloud-init[964]: |        .= +. +=/|
[   53.074034] cloud-init[964]: |        .oB. ..BE|
[   53.080356] cloud-init[964]: |        So.o  . o|
[   53.092449] cloud-init[964]: |            ... o|
[   53.100843] cloud-init[964]: |           ....o |
[   53.108786] cloud-init[964]: |            oo+ .|
[   53.109745] cloud-init[964]: |            .+.+o|
[   53.110386] cloud-init[964]: +----[SHA256]-----+
         Starting iSCSI initiator daemon (iscsid)...
[[0;32m  OK  [0m] Reached target Cloud-config availability.
[[0;32m  OK  [0m] Reached target System Initialization.
[[0;32m  OK  [0m] Listening on D-Bus System Message Bus Socket.
[   53.114451] cloud-init[964]: Generating public/private dsa key pair.
[   53.153289] cloud-init[964]: Your identification has been saved in /etc/ssh/ssh_host_dsa_key.
[   53.154957] cloud-init[964]: Your public key has been saved in /etc/ssh/ssh_host_dsa_key.pub.[[0;32m  OK  [0m] Started Daily apt download activities.
[[0;32m  OK  [0m] Started Daily Cleanup of Temporary Directories.
         Starting Socket activation for snappy daemon.

[   53.165236] cloud-init[964]: The key fingerprint is:
[   53.165699] cloud-init[964]: SHA256:H5ocCCyzijPp0SIpJiDbhqymxUGMM/5BpwHKfMJU1MY root@ubuntu-xenial
[   53.166315] cloud-init[964]: The key's randomart image is:
[   53.166853] cloud-init[964]: +---[DSA 1024]----+
[   53.167403] cloud-init[964]: | oooo            |
[   53.168601] cloud-init[964]: |*o.. E           |
[   53.169214] cloud-init[964]: |===++.           |
[   53.169974] cloud-init[964]: |.++++. .         |
[   53.170147] cloud-init[964]: |o.oo  . S .      |
[[0;32m  OK  [0m] Listening on ACPID Listen Socket.
[   53.170796] cloud-init[964]: |=Oo..  . = .     |
[   53.176588] cloud-init[964]: |&==o    + .      |
[   53.189417] cloud-init[964]: |B*o              |
[   53.191671] cloud-init[964]: |=.               |
[   53.196724] cloud-init[964]: +----[SHA256]-----+
[   53.199138] cloud-init[964]: Generating public/private ecdsa key pair.
[   53.208839] cloud-init[964]: Your identification has been saved in /etc/ssh/ssh_host_ecdsa_key.
[   53.330880]          Starting LXD - unix socket.
cloud-init[964]: Your public key has been saved in /etc/ssh/ssh_host_ecdsa_key.pub.
[   53.340890] cloud-init[964]: The key fingerprint is:
[   53.355901] cloud-init[964]: SHA256:Jm5SP6pCfgV8PokujqjfiQB30czGlFLIxA7pSolyQFI root@ubuntu-xenial
[   53.364697] [[0;32m  OK  [0m] Started ACPI Events Check.
[[0;32m  OK  [0m] Reached target Paths.
[[0;32m  OK  [0m] Started Daily apt upgrade and clean activities.
[[0;32m  OK  [0m] Listening on UUID daemon activation socket.
[[0;32m  OK  [0m] Started Message of the Day.
[[0;32m  OK  [0m] Reached target Timers.
[[0;32m  OK  [0m] Listening on Socket activation for snappy daemon.
[[0;32m  OK  [0m] Listening on LXD - unix socket.
[[0;32m  OK  [0m] Reached target Sockets.
[[0;32m  OK  [0m] Reached target Basic System.
cloud-init[964]: The key's randomart image is:
[   53.384700] cloud-init[964]: +---[ECDSA 256]---+
[   53.387969] cloud-init[964]: |ooE=.oo.         |
[   53.390846] cloud-init[964]: [[0;32m  OK  [0m] Started ACPI event daemon.
|o o =*.          |
[   53.401177]          cloud-initStarting System Logging Service...[964]: 
|.o.+..*          |
[   53.408207] cloud-init[[0;32m  OK  [0m] Started FUSE filesystem for LXC.
[964]: |ooo +o.          |
[   53.411053] cloud-init[964]: |+o. .=o.S        |
[   53.411359] cloud-init[964]: |o....o=+         |
         Starting LSB: Record successful boot for GRUB...
         Starting Login Service...
         Starting Virtualbox guest utils...
[   53.417232] cloud-init[964]: |.o ...o.o        |
[   53.418523] cloud-init[964]: |.o+oo+ . .       |
[   53.420395] cloud-init[964]: |=o+++..          |
[   53.421853] cloud-init[964]: +----[SHA256]-----+
[   53.432379] cloud-init[964]: Generating public/private ed25519 key pair.
[   53.433450]          Starting Snappy daemon...
cloud-init[964]:          Starting LSB: MD monitoring daemon...
Your identification has been saved in /etc/ssh/ssh_host_ed25519_key.
[   53.435950] cloud-init[964]: Your public key has been saved in /etc/ssh/ssh_host_ed25519_key.pub.
[   53.437663] cloud-init[964]: The key fingerprint is:
[   53.445083] cloud-init[964]: SHA256:0NaqUNVOxi9iBeNpZG7dLbUqH4tFyoXZ5NtDvRH/kCs root@ubuntu-xenial
[   53.446172] cloud-init[964]: The key's randomart image is:
[   53.448923]          Starting Pollinate to seed the pseudo random number generator...
cloud-init[964]: +--[ED25519 256]--+
[   53.450083]          Starting /etc/rc.local Compatibility...
cloud-init[964]: |        *+  . .. |
[   53.451504] cloud-init[964]: |       B =*B o +o|
         Starting Accounts Service...
[   53.465184] cloud-init[964]: |      o O==.B *.o|
[   53.466501] cloud-init[964]: |     . =ooo+.* o+|
[   53.467756] cloud-init[964]: |    .  .S.+.E +..|
[   53.468878] cloud-init[964]: |     . .   = + . |
[   53.470090] cloud-init[964]: |      .   . o    |
[   53.471472] cloud-init[964]: |                 |
[   53.472549] cloud-init[964]: |                 |
[   53.473608] cloud-init[964]: +----[SHA256]-----+
[[0;32m  OK  [0m] Started Regular background program processing daemon.
[[0;32m  OK  [0m] Started D-Bus System Message Bus.
         Starting LXD - container startup/shutdown...
[[0;32m  OK  [0m] Started Deferred execution scheduler.
[[0;32m  OK  [0m] Started System Logging Service.
[[0;32m  OK  [0m] Started /etc/rc.local Compatibility.
[[0;32m  OK  [0m] Started Login Service.
[[0;32m  OK  [0m] Started Unattended Upgrades Shutdown.
         Starting Authenticate and Authorize Users to Run Privileged Tasks...
[[0;32m  OK  [0m] Started iSCSI initiator daemon (iscsid).
         Starting Login to default iSCSI targets...
[[0;32m  OK  [0m] Started LSB: MD monitoring daemon.
[[0;32m  OK  [0m] Started LSB: Record successful boot for GRUB.
[[0;32m  OK  [0m] Started Authenticate and Authorize Users to Run Privileged Tasks.
[[0;32m  OK  [0m] Started Accounts Service.
[[0;32m  OK  [0m] Started Virtualbox guest utils.
[[0;32m  OK  [0m] Started Login to default iSCSI targets.
[[0;32m  OK  [0m] Reached target Remote File Systems (Pre).
[[0;32m  OK  [0m] Reached target Remote File Systems.
         Starting Permit User Sessions...
         Starting LSB: daemon to balance interrupts for SMP systems...
         Starting LSB: Set the CPU Frequency Scaling governor to "ondemand"...
         Starting LSB: automatic crash report generation...
[[0;32m  OK  [0m] Started LSB: Set the CPU Frequency Scaling governor to "ondemand".
[[0;32m  OK  [0m] Started Permit User Sessions.
         Starting Terminate Plymouth Boot Screen...
         Starting Hold until boot process finishes up...
[[0;32m  OK  [0m] Started Hold until boot process finishes up.
[[0;32m  OK  [0m] Started Getty on tty1.
[[0;32m  OK  [0m] Started Serial Getty on ttyS0.
[[0;32m  OK  [0m] Reached target Login Prompts.
         Starting Set console scheme...
[[0;32m  OK  [0m] Started Terminate Plymouth Boot Screen.
[[0;32m  OK  [0m] Started LSB: daemon to balance interrupts for SMP systems.
[[0;32m  OK  [0m] Started LSB: automatic crash report generation.
[[0;32m  OK  [0m] Started Set console scheme.
[[0;32m  OK  [0m] Started Pollinate to seed the pseudo random number generator.
         Starting OpenBSD Secure Shell server...
[[0;32m  OK  [0m] Started OpenBSD Secure Shell server.
[[0;32m  OK  [0m] Started Snappy daemon.
         Starting Wait until snapd is fully seeded...
[[0;32m  OK  [0m] Created slice User Slice of vagrant.
[[0;32m  OK  [0m] Started LXD - container startup/shutdown.
[[0;32m  OK  [0m] Started Session 1 of user vagrant.
         Starting User Manager for UID 1000...

Ubuntu 16.04.6 LTS ubuntu-xenial ttyS0

ubuntu-xenial login: [   71.239464] cloud-init[1566]: Generating locales (this might take a while)...
[   74.160743] cloud-init[1566]:   en_US.UTF-8... done
[   74.161664] cloud-init[1566]: Generation complete.
[   77.613665] cloud-init[1566]: Cloud-init v. 19.4-33-gbb4131a2-0ubuntu1~16.04.1 running 'modules:config' at Mon, 20 Jul 2020 07:21:07 +0000. Up 69.44 seconds.
ci-info: no authorized SSH keys fingerprints found for user ubuntu.
<14>Jul 20 07:21:15 ec2: 
<14>Jul 20 07:21:15 ec2: #############################################################
<14>Jul 20 07:21:15 ec2: -----BEGIN SSH HOST KEY FINGERPRINTS-----
<14>Jul 20 07:21:15 ec2: 1024 SHA256:H5ocCCyzijPp0SIpJiDbhqymxUGMM/5BpwHKfMJU1MY root@ubuntu-xenial (DSA)
<14>Jul 20 07:21:15 ec2: 256 SHA256:Jm5SP6pCfgV8PokujqjfiQB30czGlFLIxA7pSolyQFI root@ubuntu-xenial (ECDSA)
<14>Jul 20 07:21:15 ec2: 256 SHA256:0NaqUNVOxi9iBeNpZG7dLbUqH4tFyoXZ5NtDvRH/kCs root@ubuntu-xenial (ED25519)
<14>Jul 20 07:21:15 ec2: 2048 SHA256:8UUWNWiSyyNNbu9TF/n6rTZaUtRnhlcB52l9xzXscd4 root@ubuntu-xenial (RSA)
<14>Jul 20 07:21:15 ec2: -----END SSH HOST KEY FINGERPRINTS-----
<14>Jul 20 07:21:15 ec2: #############################################################
-----BEGIN SSH HOST KEY KEYS-----
ecdsa-sha2-nistp256 AAAAE2VjZHNhLXNoYTItbmlzdHAyNTYAAAAIbmlzdHAyNTYAAABBBAGUOciBpMsxdqq86/SwaKblOPDWSqF+9MYNaBIpiA/Fyo17uPNzNqPAAcTnBnM3SjX3MRz8XDrOSktL96gi4Gw= root@ubuntu-xenial
ssh-ed25519 AAAAC3NzaC1lZDI1NTE5AAAAIFsGcC5NEZbXAa8Cd2ADO6bQnt1gL1KKG6dF3om0ZiI1 root@ubuntu-xenial
ssh-rsa AAAAB3NzaC1yc2EAAAADAQABAAABAQDxqljkhBe/XyozzgicrAXajc0fzHB+kgRiXzQgEbk6aECYM2AgiTO9CSvllr26P+R2ujH8cThroTf7SCWFxozn3QZz+c56CVneqs/joAKuO5a18w1vazSi1CzlG++tvpCvNAP0h5YWSt1qW0F01CSwcPstsCTwFK4JrqtGNj326y8fCpiIyG7f1IghMWnb5LGpUMXLwf+7rZdo0M0K7kOBLTk1JSTT6lwXcg2amvZnDZOw048OkgBzBIcHucNOFDSRWtss2sWH/IFnlqRg5bZA/ulu4JnZPmoGBN3g1b9h8kiIi5HYQBpFBcX/jgI/nap2w6zbbqJwC5pj3o/JFf8z root@ubuntu-xenial
-----END SSH HOST KEY KEYS-----
[   78.263793] cloud-init[1903]: Cloud-init v. 19.4-33-gbb4131a2-0ubuntu1~16.04.1 running 'modules:final' at Mon, 20 Jul 2020 07:21:15 +0000. Up 78.03 seconds.
[   78.264090] cloud-init[1903]: ci-info: no authorized SSH keys fingerprints found for user ubuntu.
[   78.264615] cloud-init[1903]: Cloud-init v. 19.4-33-gbb4131a2-0ubuntu1~16.04.1 finished at Mon, 20 Jul 2020 07:21:15 +0000. Datasource DataSourceNoCloud [seed=/dev/sdb][dsmode=net].  Up 78.25 seconds
         Stopping User Manager for UID 1000...
[[0;32m  OK  [0m] Closed Load/Save RF Kill Switch Status /dev/rfkill Watch.
         Stopping ACPI event daemon...
         Stopping Session 27 of user vagrant.
[[0;32m  OK  [0m] Stopped target Cloud-init target.
[[0;32m  OK  [0m] Stopped Execute cloud user/final scripts.
[[0;32m  OK  [0m] Stopped Apply the settings specified in cloud-config.
[[0;32m  OK  [0m] Stopped target Cloud-config availability.
         Stopping Authenticate and Authorize Users to Run Privileged Tasks...
[[0;32m  OK  [0m] Stopped target Timers.
[[0;32m  OK  [0m] Stopped Message of the Day.
[[0;32m  OK  [0m] Stopped Daily Cleanup of Temporary Directories.
[[0;32m  OK  [0m] Stopped Daily apt upgrade and clean activities.
[[0;32m  OK  [0m] Stopped Daily apt download activities.
[[0;32m  OK  [0m] Stopped Clean PHP session files every 30 mins.
[[0;32m  OK  [0m] Stopped target System Time Synchronized.
[[0;32m  OK  [0m] Stopped target Graphical Interface.
         Stopping Accounts Service...
[[0;32m  OK  [0m] Stopped target Multi-User System.
         Stopping LSB: daemon to balance interrupts for SMP systems...
         Stopping Unattended Upgrades Shutdown...
         Stopping FUSE filesystem for LXC...
         Stopping System Logging Service...
         Stopping Virtualbox guest utils...
         Stopping Regular background program processing daemon...
         Stopping OpenBSD Secure Shell server...
         Stopping LXD - container startup/shutdown...
[[0;32m  OK  [0m] Stopped Wait until snapd is fully seeded.
         Stopping LSB: Set the CPU Frequency Scaling governor to "ondemand"...
         Stopping D-Bus System Message Bus...
         Stopping LSB: Apache2 web server...
         Stopping Deferred execution scheduler...
         Stopping LSB: automatic crash report generation...
[[0;32m  OK  [0m] Stopped target Login Prompts.
         Stopping Getty on tty1...
         Stopping Serial Getty on ttyS0...
         Stopping LSB: Record successful boot for GRUB...
         Stopping MySQL Community Server...
         Stopping LSB: MD monitoring daemon...
[[0;32m  OK  [0m] Stopped Accounts Service.
[[0;32m  OK  [0m] Stopped System Logging Service.
[[0;32m  OK  [0m] Stopped Regular background program processing daemon.
[[0;32m  OK  [0m] Stopped Deferred execution scheduler.
[[0;32m  OK  [0m] Stopped Authenticate and Authorize Users to Run Privileged Tasks.
[[0;32m  OK  [0m] Stopped Getty on tty1.
[[0;32m  OK  [0m] Stopped Serial Getty on ttyS0.
[[0;32m  OK  [0m] Stopped Unattended Upgrades Shutdown.
[[0;32m  OK  [0m] Stopped OpenBSD Secure Shell server.
[[0;32m  OK  [0m] Stopped User Manager for UID 1000.
[[0;32m  OK  [0m] Stopped Session 27 of user vagrant.
[[0;32m  OK  [0m] Stopped D-Bus System Message Bus.
[[0;32m  OK  [0m] Unmounted /var/lib/lxcfs.
[[0;32m  OK  [0m] Stopped ACPI event daemon.
[[0;32m  OK  [0m] Stopped FUSE filesystem for LXC.
[[0;32m  OK  [0m] Stopped LXD - container startup/shutdown.
[[0;32m  OK  [0m] Stopped LSB: Set the CPU Frequency Scaling governor to "ondemand".
[[0;32m  OK  [0m] Removed slice User Slice of vagrant.
         Stopping Login Service...
[[0;32m  OK  [0m] Removed slice system-serial\x2dgetty.slice.
[[0;32m  OK  [0m] Removed slice system-getty.slice.
[[0;32m  OK  [0m] Stopped /etc/rc.local Compatibility.
         Stopping Permit User Sessions...
[[0;32m  OK  [0m] Stopped LSB: daemon to balance interrupts for SMP systems.
[[0;32m  OK  [0m] Stopped LSB: automatic crash report generation.
[[0;32m  OK  [0m] Stopped LSB: Record successful boot for GRUB.
[[0;32m  OK  [0m] Stopped LSB: MD monitoring daemon.
[[0;32m  OK  [0m] Stopped Virtualbox guest utils.
[[0;32m  OK  [0m] Stopped Permit User Sessions.
[[0;32m  OK  [0m] Stopped Login Service.
[[0;32m  OK  [0m] Stopped target User and Group Name Lookups.
[[0;32m  OK  [0m] Stopped LSB: Apache2 web server.
[[0;32m  OK  [0m] Stopped target Remote File Systems.
[[0;32m  OK  [0m] Stopped target Remote File Systems (Pre).
         Stopping Login to default iSCSI targets...
[[0;32m  OK  [0m] Stopped Login to default iSCSI targets.
         Stopping iSCSI initiator daemon (iscsid)...
[[0;32m  OK  [0m] Stopped iSCSI initiator daemon (iscsid).
[[0;32m  OK  [0m] Stopped target Network is Online.
[[0;32m  OK  [0m] Stopped MySQL Community Server.
[[0;32m  OK  [0m] Stopped target Network.
[[0;32m  OK  [0m] Stopped target Basic System.
[[0;32m  OK  [0m] Stopped target Sockets.
[[0;32m  OK  [0m] Closed LXD - unix socket.
[[0;32m  OK  [0m] Closed D-Bus System Message Bus Socket.
[[0;32m  OK  [0m] Closed Syslog Socket.
[[0;32m  OK  [0m] Closed Socket activation for snappy daemon.
[[0;32m  OK  [0m] Closed UUID daemon activation socket.
[[0;32m  OK  [0m] Closed ACPID Listen Socket.
[[0;32m  OK  [0m] Stopped target Slices.
[[0;32m  OK  [0m] Removed slice User and Session Slice.
[[0;32m  OK  [0m] Stopped target Paths.
[[0;32m  OK  [0m] Stopped Dispatch Password Requests to Console Directory Watch.
[[0;32m  OK  [0m] Stopped ACPI Events Check.
[[0;32m  OK  [0m] Stopped target System Initialization.
[[0;32m  OK  [0m] Stopped Commit a transient machine-id on disk.
[[0;32m  OK  [0m] Stopped target Encrypted Volumes.
[[0;32m  OK  [0m] Stopped target Swap.
[[0;32m  OK  [0m] Stopped Create Volatile Files and Directories.
         Stopping Load/Save Random Seed...
[[0;32m  OK  [0m] Stopped Initial cloud-init job (metadata service crawler).
         Stopping Raise network interfaces...
[[0;32m  OK  [0m] Stopped Forward Password Requests to Wall Directory Watch.
[[0;32m  OK  [0m] Stopped Load/Save Random Seed.
[[0;32m  OK  [0m] Stopped Raise network interfaces.
[[0;32m  OK  [0m] Stopped Apply Kernel Variables.
[[0;32m  OK  [0m] Stopped Load Kernel Modules.
[[0;32m  OK  [0m] Stopped target Network (Pre).
[[0;32m  OK  [0m] Stopped Initial cloud-init job (pre-networking).
[[0;32m  OK  [0m] Stopped target Local File Systems.
         Unmounting /var/www/html...
         Unmounting /vagrant...
         Unmounting /run/user/1000...
[[0;32m  OK  [0m] Unmounted /vagrant.
[[0;32m  OK  [0m] Unmounted /run/user/1000.
[[0;32m  OK  [0m] Unmounted /var/www/html.
[[0;32m  OK  [0m] Reached target Unmount All Filesystems.
[[0;32m  OK  [0m] Stopped target Local File Systems (Pre).
[[0;32m  OK  [0m] Stopped Remount Root and Kernel File Systems.
[[0;32m  OK  [0m] Stopped Create Static Device Nodes in /dev.
[[0;32m  OK  [0m] Reached target Shutdown.
[26427.966399] reboot: Power down
