[    0.000000] Initializing cgroup subsys cpuset
[    0.000000] Initializing cgroup subsys cpu
[    0.000000] Initializing cgroup subsys cpuacct
[    0.000000] Linux version 4.4.0-177-generic (buildd@lgw01-amd64-035) (gcc version 5.4.0 20160609 (Ubuntu 5.4.0-6ubuntu1~16.04.12) ) #207-Ubuntu SMP Mon Mar 16 01:16:10 UTC 2020 (Ubuntu 4.4.0-177.207-generic 4.4.214)
[    0.000000] Command line: BOOT_IMAGE=/boot/vmlinuz-4.4.0-177-generic root=LABEL=cloudimg-rootfs ro console=tty1 console=ttyS0
[    0.000000] KERNEL supported cpus:
[    0.000000]   Intel GenuineIntel
[    0.000000]   AMD AuthenticAMD
[    0.000000]   Centaur CentaurHauls
[    0.000000] x86/fpu: xstate_offset[2]:  576, xstate_sizes[2]:  256
[    0.000000] x86/fpu: Supporting XSAVE feature 0x01: 'x87 floating point registers'
[    0.000000] x86/fpu: Supporting XSAVE feature 0x02: 'SSE registers'
[    0.000000] x86/fpu: Supporting XSAVE feature 0x04: 'AVX registers'
[    0.000000] x86/fpu: Enabled xstate features 0x7, context size is 832 bytes, using 'standard' format.
[    0.000000] e820: BIOS-provided physical RAM map:
[    0.000000] BIOS-e820: [mem 0x0000000000000000-0x000000000009fbff] usable
[    0.000000] BIOS-e820: [mem 0x000000000009fc00-0x000000000009ffff] reserved
[    0.000000] BIOS-e820: [mem 0x00000000000f0000-0x00000000000fffff] reserved
[    0.000000] BIOS-e820: [mem 0x0000000000100000-0x000000007ffeffff] usable
[    0.000000] BIOS-e820: [mem 0x000000007fff0000-0x000000007fffffff] ACPI data
[    0.000000] BIOS-e820: [mem 0x00000000fec00000-0x00000000fec00fff] reserved
[    0.000000] BIOS-e820: [mem 0x00000000fee00000-0x00000000fee00fff] reserved
[    0.000000] BIOS-e820: [mem 0x00000000fffc0000-0x00000000ffffffff] reserved
[    0.000000] NX (Execute Disable) protection: active
[    0.000000] SMBIOS 2.5 present.
[    0.000000] Hypervisor detected: KVM
[    0.000000] e820: last_pfn = 0x7fff0 max_arch_pfn = 0x400000000
[    0.000000] MTRR: Disabled
[    0.000000] x86/PAT: MTRRs disabled, skipping PAT initialization too.
[    0.000000] CPU MTRRs all blank - virtualized system.
[    0.000000] x86/PAT: Configuration [0-7]: WB  WT  UC- UC  WB  WT  UC- UC  
[    0.000000] found SMP MP-table at [mem 0x0009fff0-0x0009ffff] mapped at [ffff88000009fff0]
[    0.000000] Scanning 1 areas for low memory corruption
[    0.000000] RAMDISK: [mem 0x362e2000-0x37168fff]
[    0.000000] ACPI: Early table checksum verification disabled
[    0.000000] ACPI: RSDP 0x00000000000E0000 000024 (v02 VBOX  )
[    0.000000] ACPI: XSDT 0x000000007FFF0030 00003C (v01 VBOX   VBOXXSDT 00000001 ASL  00000061)
[    0.000000] ACPI: FACP 0x000000007FFF00F0 0000F4 (v04 VBOX   VBOXFACP 00000001 ASL  00000061)
[    0.000000] ACPI: DSDT 0x000000007FFF0470 002325 (v02 VBOX   VBOXBIOS 00000002 INTL 20100528)
[    0.000000] ACPI: FACS 0x000000007FFF0200 000040
[    0.000000] ACPI: FACS 0x000000007FFF0200 000040
[    0.000000] ACPI: APIC 0x000000007FFF0240 00005C (v02 VBOX   VBOXAPIC 00000001 ASL  00000061)
[    0.000000] ACPI: SSDT 0x000000007FFF02A0 0001CC (v01 VBOX   VBOXCPUT 00000002 INTL 20100528)
[    0.000000] No NUMA configuration found
[    0.000000] Faking a node at [mem 0x0000000000000000-0x000000007ffeffff]
[    0.000000] NODE_DATA(0) allocated [mem 0x7ffeb000-0x7ffeffff]
[    0.000000] kvm-clock: Using msrs 4b564d01 and 4b564d00
[    0.000000] kvm-clock: cpu 0, msr 0:7ffe3001, primary cpu clock
[    0.000000] kvm-clock: using sched offset of 5104840974 cycles
[    0.000000] clocksource: kvm-clock: mask: 0xffffffffffffffff max_cycles: 0x1cd42e4dffb, max_idle_ns: 881590591483 ns
[    0.000000] Zone ranges:
[    0.000000]   DMA      [mem 0x0000000000001000-0x0000000000ffffff]
[    0.000000]   DMA32    [mem 0x0000000001000000-0x000000007ffeffff]
[    0.000000]   Normal   empty
[    0.000000]   Device   empty
[    0.000000] Movable zone start for each node
[    0.000000] Early memory node ranges
[    0.000000]   node   0: [mem 0x0000000000001000-0x000000000009efff]
[    0.000000]   node   0: [mem 0x0000000000100000-0x000000007ffeffff]
[    0.000000] Initmem setup node 0 [mem 0x0000000000001000-0x000000007ffeffff]
[    0.000000] ACPI: PM-Timer IO Port: 0x4008
[    0.000000] IOAPIC[0]: apic_id 2, version 32, address 0xfec00000, GSI 0-23
[    0.000000] ACPI: INT_SRC_OVR (bus 0 bus_irq 0 global_irq 2 dfl dfl)
[    0.000000] ACPI: INT_SRC_OVR (bus 0 bus_irq 9 global_irq 9 low level)
[    0.000000] Using ACPI (MADT) for SMP configuration information
[    0.000000] smpboot: Allowing 2 CPUs, 0 hotplug CPUs
[    0.000000] PM: Registered nosave memory: [mem 0x00000000-0x00000fff]
[    0.000000] PM: Registered nosave memory: [mem 0x0009f000-0x0009ffff]
[    0.000000] PM: Registered nosave memory: [mem 0x000a0000-0x000effff]
[    0.000000] PM: Registered nosave memory: [mem 0x000f0000-0x000fffff]
[    0.000000] e820: [mem 0x80000000-0xfebfffff] available for PCI devices
[    0.000000] Booting paravirtualized kernel on KVM
[    0.000000] clocksource: refined-jiffies: mask: 0xffffffff max_cycles: 0xffffffff, max_idle_ns: 7645519600211568 ns
[    0.000000] setup_percpu: NR_CPUS:512 nr_cpumask_bits:512 nr_cpu_ids:2 nr_node_ids:1
[    0.000000] PERCPU: Embedded 33 pages/cpu @ffff88007fc00000 s95448 r8192 d31528 u1048576
[    0.000000] Built 1 zonelists in Node order, mobility grouping on.  Total pages: 515960
[    0.000000] Policy zone: DMA32
[    0.000000] Kernel command line: BOOT_IMAGE=/boot/vmlinuz-4.4.0-177-generic root=LABEL=cloudimg-rootfs ro console=tty1 console=ttyS0
[    0.000000] PID hash table entries: 4096 (order: 3, 32768 bytes)
[    0.000000] Memory: 2029868K/2096696K available (8626K kernel code, 1336K rwdata, 4036K rodata, 1488K init, 1292K bss, 66828K reserved, 0K cma-reserved)
[    0.000000] SLUB: HWalign=64, Order=0-3, MinObjects=0, CPUs=2, Nodes=1
[    0.000000] Kernel/User page tables isolation: enabled
[    0.000000] Hierarchical RCU implementation.
[    0.000000] 	Build-time adjustment of leaf fanout to 64.
[    0.000000] 	RCU restricting CPUs from NR_CPUS=512 to nr_cpu_ids=2.
[    0.000000] RCU: Adjusting geometry for rcu_fanout_leaf=64, nr_cpu_ids=2
[    0.000000] NR_IRQS:33024 nr_irqs:440 16
[    0.000000] Console: colour VGA+ 80x25
[    0.000000] console [tty1] enabled
[    0.000000] console [ttyS0] enabled
[    0.000000] tsc: Detected 3408.000 MHz processor
[    0.198717] Calibrating delay loop (skipped) preset value.. 6816.00 BogoMIPS (lpj=13632000)
[    0.200693] pid_max: default: 32768 minimum: 301
[    0.201733] ACPI: Core revision 20150930
[    0.204230] ACPI: 2 ACPI AML tables successfully acquired and loaded
[    0.205782] Security Framework initialized
[    0.206747] Yama: becoming mindful.
[    0.207635] AppArmor: AppArmor initialized
[    0.211364] Dentry cache hash table entries: 262144 (order: 9, 2097152 bytes)
[    0.213653] Inode-cache hash table entries: 131072 (order: 8, 1048576 bytes)
[    0.218210] Mount-cache hash table entries: 4096 (order: 3, 32768 bytes)
[    0.219780] Mountpoint-cache hash table entries: 4096 (order: 3, 32768 bytes)
[    0.221546] Initializing cgroup subsys io
[    0.222604] Initializing cgroup subsys memory
[    0.223705] Initializing cgroup subsys devices
[    0.224775] Initializing cgroup subsys freezer
[    0.225846] Initializing cgroup subsys net_cls
[    0.227059] Initializing cgroup subsys perf_event
[    0.228409] Initializing cgroup subsys net_prio
[    0.229912] Initializing cgroup subsys hugetlb
[    0.231138] Initializing cgroup subsys pids
[    0.233453] mce: CPU supports 0 MCE banks
[    0.234731] Last level iTLB entries: 4KB 64, 2MB 8, 4MB 8
[    0.236128] Last level dTLB entries: 4KB 64, 2MB 0, 4MB 0, 1GB 4
[    0.237520] Spectre V1 : Mitigation: usercopy/swapgs barriers and __user pointer sanitization
[    0.239776] Spectre V2 : Mitigation: Full generic retpoline
[    0.241066] Spectre V2 : Spectre v2 / SpectreRSB mitigation: Filling RSB on context switch
[    0.243069] Speculative Store Bypass: Vulnerable
[    0.244297] MDS: Vulnerable: Clear CPU buffers attempted, no microcode
[    0.249036] Freeing SMP alternatives memory: 36K
[    0.255988] ftrace: allocating 32304 entries in 127 pages
[    0.317770] smpboot: APIC(0) Converting physical 0 to logical package 0
[    0.319403] smpboot: Max logical packages: 1
[    0.320881] x2apic enabled
[    0.322013] Switched APIC routing to physical x2apic.
[    0.324567] ..TIMER: vector=0x30 apic1=0 pin1=2 apic2=-1 pin2=-1
[    0.434132] smpboot: CPU0: Intel(R) Core(TM) i7-6700 CPU @ 3.40GHz (family: 0x6, model: 0x5e, stepping: 0x3)
[    0.436746] Performance Events: unsupported p6 CPU model 94 no PMU driver, software events only.
[    0.449960] KVM setup paravirtual spinlock
[    0.454359] x86: Booting SMP configuration:
[    0.455542] .... node  #0, CPUs:      #1
[    0.456596] kvm-clock: cpu 1, msr 0:7ffe3041, secondary cpu clock
[    0.458716] mce: CPU supports 0 MCE banks
[    0.461485] x86: Booted up 1 node, 2 CPUs
[    0.462979] smpboot: Total of 2 processors activated (13632.00 BogoMIPS)
[    0.465161] devtmpfs: initialized
[    0.467803] evm: security.selinux
[    0.468731] evm: security.SMACK64
[    0.469620] evm: security.SMACK64EXEC
[    0.470845] evm: security.SMACK64TRANSMUTE
[    0.471948] evm: security.SMACK64MMAP
[    0.472957] evm: security.ima
[    0.473802] evm: security.capability
[    0.475089] clocksource: jiffies: mask: 0xffffffff max_cycles: 0xffffffff, max_idle_ns: 7645041785100000 ns
[    0.477426] futex hash table entries: 512 (order: 3, 32768 bytes)
[    0.479341] pinctrl core: initialized pinctrl subsystem
[    0.480814] RTC time: 17:31:05, date: 08/10/20
[    0.482122] NET: Registered protocol family 16
[    0.494659] cpuidle: using governor ladder
[    0.506748] cpuidle: using governor menu
[    0.509543] PCCT header not found.
[    0.512105] ACPI: bus type PCI registered
[    0.514926] acpiphp: ACPI Hot Plug PCI Controller Driver version: 0.5
[    0.518887] PCI: Using configuration type 1 for base access
[    0.535573] ACPI: Added _OSI(Module Device)
[    0.537296] ACPI: Added _OSI(Processor Device)
[    0.539311] ACPI: Added _OSI(3.0 _SCP Extensions)
[    0.541172] ACPI: Added _OSI(Processor Aggregator Device)
[    0.544251] ACPI: Executed 1 blocks of module-level executable AML code
[    0.550383] ACPI: Interpreter enabled
[    0.551996] ACPI: (supports S0 S5)
[    0.553202] ACPI: Using IOAPIC for interrupt routing
[    0.554607] PCI: Using host bridge windows from ACPI; if necessary, use "pci=nocrs" and report a bug
[    0.560586] ACPI: PCI Root Bridge [PCI0] (domain 0000 [bus 00-ff])
[    0.562055] acpi PNP0A03:00: _OSC: OS supports [ASPM ClockPM Segments MSI]
[    0.564574] acpi PNP0A03:00: _OSC: not requesting OS control; OS requires [ExtendedConfig ASPM ClockPM MSI]
[    0.566988] acpi PNP0A03:00: fail to add MMCONFIG information, can't access extended PCI configuration space under this bridge.
[    0.570155] PCI host bridge to bus 0000:00
[    0.571239] pci_bus 0000:00: root bus resource [io  0x0000-0x0cf7 window]
[    0.572883] pci_bus 0000:00: root bus resource [io  0x0d00-0xffff window]
[    0.574593] pci_bus 0000:00: root bus resource [mem 0x000a0000-0x000bffff window]
[    0.576543] pci_bus 0000:00: root bus resource [mem 0x80000000-0xfdffffff window]
[    0.578716] pci_bus 0000:00: root bus resource [bus 00-ff]
[    0.582085] pci 0000:00:01.1: legacy IDE quirk: reg 0x10: [io  0x01f0-0x01f7]
[    0.583750] pci 0000:00:01.1: legacy IDE quirk: reg 0x14: [io  0x03f6]
[    0.585251] pci 0000:00:01.1: legacy IDE quirk: reg 0x18: [io  0x0170-0x0177]
[    0.587062] pci 0000:00:01.1: legacy IDE quirk: reg 0x1c: [io  0x0376]
[    0.622982] pci 0000:00:07.0: quirk: [io  0x4000-0x403f] claimed by PIIX4 ACPI
[    0.624885] pci 0000:00:07.0: quirk: [io  0x4100-0x410f] claimed by PIIX4 SMB
[    0.641307] ACPI: PCI Interrupt Link [LNKA] (IRQs 5 9 10 *11)
[    0.643701] ACPI: PCI Interrupt Link [LNKB] (IRQs 5 9 *10 11)
[    0.645686] ACPI: PCI Interrupt Link [LNKC] (IRQs 5 *9 10 11)
[    0.648079] ACPI: PCI Interrupt Link [LNKD] (IRQs 5 9 10 *11)
[    0.650235] ACPI: Enabled 2 GPEs in block 00 to 07
[    0.652197] vgaarb: setting as boot device: PCI:0000:00:02.0
[    0.653777] vgaarb: device added: PCI:0000:00:02.0,decodes=io+mem,owns=io+mem,locks=none
[    0.656016] vgaarb: loaded
[    0.656935] vgaarb: bridge control possible 0000:00:02.0
[    0.658645] SCSI subsystem initialized
[    0.660026] ACPI: bus type USB registered
[    0.661243] usbcore: registered new interface driver usbfs
[    0.662752] usbcore: registered new interface driver hub
[    0.664198] usbcore: registered new device driver usb
[    0.667933] PCI: Using ACPI for IRQ routing
[    0.669360] NetLabel: Initializing
[    0.670369] NetLabel:  domain hash size = 128
[    0.671673] NetLabel:  protocols = UNLABELED CIPSOv4
[    0.673044] NetLabel:  unlabeled traffic allowed by default
[    0.674644] amd_nb: Cannot enumerate AMD northbridges
[    0.675969] clocksource: Switched to clocksource kvm-clock
[    0.688341] AppArmor: AppArmor Filesystem Enabled
[    0.689814] pnp: PnP ACPI init
[    0.691586] pnp: PnP ACPI: found 3 devices
[    0.707429] clocksource: acpi_pm: mask: 0xffffff max_cycles: 0xffffff, max_idle_ns: 2085701024 ns
[    0.709747] NET: Registered protocol family 2
[    0.711182] TCP established hash table entries: 16384 (order: 5, 131072 bytes)
[    0.713440] TCP bind hash table entries: 16384 (order: 6, 262144 bytes)
[    0.715015] TCP: Hash tables configured (established 16384 bind 16384)
[    0.716565] UDP hash table entries: 1024 (order: 3, 32768 bytes)
[    0.718021] UDP-Lite hash table entries: 1024 (order: 3, 32768 bytes)
[    0.719587] NET: Registered protocol family 1
[    0.720867] pci 0000:00:00.0: Limiting direct PCI/PCI transfers
[    0.722353] pci 0000:00:01.0: Activating ISA DMA hang workarounds
[    0.724133] Unpacking initramfs...
[    0.956367] Freeing initrd memory: 14876K
[    0.957586] clocksource: tsc: mask: 0xffffffffffffffff max_cycles: 0x311fd3cd494, max_idle_ns: 440795223879 ns
[    0.959979] platform rtc_cmos: registered platform RTC device (no PNP device found)
[    0.962039] Scanning for low memory corruption every 60 seconds
[    0.963894] audit: initializing netlink subsys (disabled)
[    0.965238] audit: type=2000 audit(1597080672.065:1): initialized
[    0.966960] Initialise system trusted keyring
[    0.968490] HugeTLB registered 2 MB page size, pre-allocated 0 pages
[    0.971352] zbud: loaded
[    0.972544] VFS: Disk quotas dquot_6.6.0
[    0.973689] VFS: Dquot-cache hash table entries: 512 (order 0, 4096 bytes)
[    0.975407] squashfs: version 4.0 (2009/01/31) Phillip Lougher
[    0.977119] fuse init (API version 7.23)
[    0.978321] Key type big_key registered
[    0.979433] Allocating IMA MOK and blacklist keyrings.
[    0.983733] Key type asymmetric registered
[    0.984904] Asymmetric key parser 'x509' registered
[    0.986124] Block layer SCSI generic (bsg) driver version 0.4 loaded (major 249)
[    0.988388] io scheduler noop registered
[    0.989391] io scheduler deadline registered (default)
[    0.990794] io scheduler cfq registered
[    0.991904] pci_hotplug: PCI Hot Plug PCI Core version: 0.5
[    0.993322] pciehp: PCI Express Hot Plug Controller Driver version: 0.4
[    0.995054] ACPI: AC Adapter [AC] (on-line)
[    0.996578] input: Power Button as /devices/LNXSYSTM:00/LNXPWRBN:00/input/input0
[    0.998603] ACPI: Power Button [PWRF]
[    0.999613] input: Sleep Button as /devices/LNXSYSTM:00/LNXSLPBN:00/input/input1
[    1.001548] ACPI: Sleep Button [SLPF]
[    1.002719] GHES: HEST is not enabled!
[    1.003857] Serial: 8250/16550 driver, 32 ports, IRQ sharing enabled
[    1.026029] 00:02: ttyS0 at I/O 0x3f8 (irq = 4, base_baud = 115200) is a 16550A
[    1.029139] Linux agpgart interface v0.103
[    1.034750] loop: module loaded
[    1.036302] scsi host0: ata_piix
[    1.037394] scsi host1: ata_piix
[    1.038524] ata1: PATA max UDMA/33 cmd 0x1f0 ctl 0x3f6 bmdma 0xd000 irq 14
[    1.040114] ata2: PATA max UDMA/33 cmd 0x170 ctl 0x376 bmdma 0xd008 irq 15
[    1.041980] libphy: Fixed MDIO Bus: probed
[    1.043065] tun: Universal TUN/TAP device driver, 1.6
[    1.044397] tun: (C) 1999-2004 Max Krasnyansky <maxk@qualcomm.com>
[    1.046022] PPP generic driver version 2.4.2
[    1.047175] ehci_hcd: USB 2.0 'Enhanced' Host Controller (EHCI) Driver
[    1.048795] ehci-pci: EHCI PCI platform driver
[    1.049950] ehci-platform: EHCI generic platform driver
[    1.051185] ohci_hcd: USB 1.1 'Open' Host Controller (OHCI) Driver
[    1.052764] ohci-pci: OHCI PCI platform driver
[    1.053901] ohci-platform: OHCI generic platform driver
[    1.055331] uhci_hcd: USB Universal Host Controller Interface driver
[    1.056875] i8042: PNP: PS/2 Controller [PNP0303:PS2K,PNP0f03:PS2M] at 0x60,0x64 irq 1,12
[    1.059450] serio: i8042 KBD port at 0x60,0x64 irq 1
[    1.060803] serio: i8042 AUX port at 0x60,0x64 irq 12
[    1.062197] mousedev: PS/2 mouse device common for all mice
[    1.064304] rtc_cmos rtc_cmos: rtc core: registered rtc_cmos as rtc0
[    1.065829] rtc_cmos rtc_cmos: alarms up to one day, 114 bytes nvram
[    1.067323] i2c /dev entries driver
[    1.068352] device-mapper: uevent: version 1.0.3
[    1.070065] input: AT Translated Set 2 keyboard as /devices/platform/i8042/serio0/input/input2
[    1.073111] device-mapper: ioctl: 4.34.0-ioctl (2015-10-28) initialised: dm-devel@redhat.com
[    1.075242] ledtrig-cpu: registered to indicate activity on CPUs
[    1.077155] NET: Registered protocol family 10
[    1.078498] NET: Registered protocol family 17
[    1.079966] Key type dns_resolver registered
[    1.081685] registered taskstats version 1
[    1.082774] Loading compiled-in X.509 certificates
[    1.084394] Loaded X.509 cert 'Build time autogenerated kernel key: a048edf52b07f04005c7780de0f875c713550332'
[    1.086769] zswap: loaded using pool lzo/zbud
[    1.089717] Key type trusted registered
[    1.093518] Key type encrypted registered
[    1.094624] AppArmor: AppArmor sha1 policy hashing enabled
[    1.096397] ima: No TPM chip found, activating TPM-bypass!
[    1.097821] ima: Allocated hash algorithm: sha1
[    1.099062] evm: HMAC attrs: 0x1
[    1.100398]   Magic number: 0:46:542
[    1.101473] rtc_cmos rtc_cmos: setting system clock to 2020-08-10 17:31:06 UTC (1597080666)
[    1.103655] BIOS EDD facility v0.16 2004-Jun-25, 0 devices found
[    1.105199] EDD information not available.
[    1.222400] Freeing unused kernel memory: 1488K
[    1.224020] Write protecting the kernel read-only data: 14336k
[    1.226598] Freeing unused kernel memory: 1604K
[    1.228516] Freeing unused kernel memory: 60K
Loading, please wait...
starting version 229
[    1.246680] random: systemd-udevd: uninitialized urandom read (16 bytes read, 3 bits of entropy available)
[    1.247181] random: udevadm: uninitialized urandom read (16 bytes read, 3 bits of entropy available)
[    1.247197] random: udevadm: uninitialized urandom read (16 bytes read, 3 bits of entropy available)
[    1.253632] random: systemd-udevd: uninitialized urandom read (16 bytes read, 3 bits of entropy available)
[    1.254651] random: udevadm: uninitialized urandom read (16 bytes read, 3 bits of entropy available)
[    1.254699] random: udevadm: uninitialized urandom read (16 bytes read, 3 bits of entropy available)
[    1.254814] random: udevadm: uninitialized urandom read (16 bytes read, 3 bits of entropy available)
[    1.254858] random: udevadm: uninitialized urandom read (16 bytes read, 3 bits of entropy available)
[    1.254900] random: udevadm: uninitialized urandom read (16 bytes read, 3 bits of entropy available)
[    1.254942] random: udevadm: uninitialized urandom read (16 bytes read, 3 bits of entropy available)
[    1.300354] Fusion MPT base driver 3.04.20
[    1.301553] Copyright (c) 1999-2008 LSI Corporation
[    1.304599] e1000: Intel(R) PRO/1000 Network Driver - version 7.3.21-k8-NAPI
[    1.306185] e1000: Copyright (c) 1999-2006 Intel Corporation.
[    1.325519] Fusion MPT SPI Host driver 3.04.20
[    1.334353] AVX2 version of gcm_enc/dec engaged.
[    1.335589] AES CTR mode by8 optimization enabled
[    1.523345] input: ImExPS/2 Generic Explorer Mouse as /devices/platform/i8042/serio1/input/input4
[    1.900047] e1000 0000:00:03.0 eth0: (PCI:33MHz:32-bit) 02:ba:b8:ca:39:a3
[    1.901641] e1000 0000:00:03.0 eth0: Intel(R) PRO/1000 Network Connection
[    1.904058] mptbase: ioc0: Initiating bringup
[    2.008998] ioc0: LSI53C1030 A0: Capabilities={Initiator}
[    4.212488] scsi host2: ioc0: LSI53C1030 A0, FwRev=00000000h, Ports=1, MaxQ=256, IRQ=20
[    5.958094] scsi 2:0:0:0: Direct-Access     VBOX     HARDDISK         1.0  PQ: 0 ANSI: 5
[    5.967836] scsi target2:0:0: Beginning Domain Validation
[    5.982542] scsi target2:0:0: Domain Validation skipping write tests
[    5.986582] scsi target2:0:0: Ending Domain Validation
[    5.990325] scsi target2:0:0: asynchronous
[    5.995519] scsi 2:0:1:0: Direct-Access     VBOX     HARDDISK         1.0  PQ: 0 ANSI: 5
[    6.002359] scsi target2:0:1: Beginning Domain Validation
[    6.010886] scsi target2:0:1: Domain Validation skipping write tests
[    6.013554] scsi target2:0:1: Ending Domain Validation
[    6.015295] scsi target2:0:1: asynchronous
[    6.033038] sd 2:0:0:0: Attached scsi generic sg0 type 0
[    6.050181] sd 2:0:0:0: [sda] 20971520 512-byte logical blocks: (10.7 GB/10.0 GiB)
[    6.052511] sd 2:0:0:0: [sda] Write Protect is off
[    6.054116] sd 2:0:0:0: [sda] Incomplete mode parameter data
[    6.055460] sd 2:0:0:0: [sda] Assuming drive cache: write through
[    6.057420] sd 2:0:1:0: Attached scsi generic sg1 type 0
[    6.059290] sd 2:0:1:0: [sdb] 20480 512-byte logical blocks: (10.5 MB/10.0 MiB)
[    6.061924] sd 2:0:1:0: [sdb] Write Protect is off
[    6.063428] sd 2:0:1:0: [sdb] Incomplete mode parameter data
[    6.064903] sd 2:0:1:0: [sdb] Assuming drive cache: write through
[    6.077890]  sda: sda1
[    6.079650] sd 2:0:0:0: [sda] Attached SCSI disk
[    6.099376] sd 2:0:1:0: [sdb] Attached SCSI disk
[    6.364668] e1000 0000:00:08.0 eth1: (PCI:33MHz:32-bit) 08:00:27:70:e4:40
[    6.368615] e1000 0000:00:08.0 eth1: Intel(R) PRO/1000 Network Connection
[    6.373505] e1000 0000:00:03.0 enp0s3: renamed from eth0
[    6.384466] e1000 0000:00:08.0 enp0s8: renamed from eth1
Begin: Loading essential drivers ... [    7.853569] md: linear personality registered for level -1
[    7.857542] md: multipath personality registered for level -4
[    7.860957] md: raid0 personality registered for level 0
[    7.866009] md: raid1 personality registered for level 1
[    7.936271] raid6: sse2x1   gen() 11979 MB/s
[    8.004553] raid6: sse2x1   xor()  8780 MB/s
[    8.071986] raid6: sse2x2   gen() 15160 MB/s
[    8.140226] raid6: sse2x2   xor() 10408 MB/s
[    8.208202] raid6: sse2x4   gen() 16857 MB/s
[    8.275983] raid6: sse2x4   xor() 10489 MB/s
[    8.344200] raid6: avx2x1   gen() 23383 MB/s
[    8.413480] raid6: avx2x2   gen() 27794 MB/s
[    8.479982] raid6: avx2x4   gen() 30927 MB/s
[    8.481441] raid6: using algorithm avx2x4 gen() 30927 MB/s
[    8.482747] raid6: using avx2x2 recovery algorithm
[    8.485192] xor: automatically using best checksumming function:
[    8.524761]    avx       : 27212.000 MB/sec
[    8.527079] async_tx: api initialized (async)
[    8.536378] md: raid6 personality registered for level 6
[    8.537771] md: raid5 personality registered for level 5
[    8.539171] md: raid4 personality registered for level 4
[    8.546333] md: raid10 personality registered for level 10
done.
Begin: Running /scripts/init-premount ... done.
Begin: Mounting root file system ... Begin: Running /scripts/local-top ... done.
Begin: Running /scripts/local-premount ... [    8.576777] Btrfs loaded
Scanning for Btrfs filesystems
done.
Warning: fsck not present, so skipping root file system
[    8.637595] EXT4-fs (sda1): mounted filesystem with ordered data mode. Opts: (null)
done.
Begin: Running /scripts/local-bottom ... done.
Begin: Running /scripts/init-bottom ... done.
[    9.222912] systemd[1]: systemd 229 running in system mode. (+PAM +AUDIT +SELINUX +IMA +APPARMOR +SMACK +SYSVINIT +UTMP +LIBCRYPTSETUP +GCRYPT +GNUTLS +ACL +XZ -LZ4 +SECCOMP +BLKID +ELFUTILS +KMOD -IDN)
[    9.234431] systemd[1]: Detected virtualization oracle.
[    9.237762] systemd[1]: Detected architecture x86-64.

Welcome to [1mUbuntu 16.04.6 LTS[0m!

[    9.293310] systemd[1]: Set hostname to <ubuntu-xenial>.
[    9.500345] random: nonblocking pool is initialized
[   10.185091] systemd[1]: Reached target Encrypted Volumes.
[[0;32m  OK  [0m] Reached target Encrypted Volumes.
[   10.202118] systemd[1]: Created slice User and Session Slice.
[[0;32m  OK  [0m] Created slice User and Session Slice.
[   10.212362] systemd[1]: Listening on Journal Audit Socket.
[[0;32m  OK  [0m] Listening on Journal Audit Socket.
[   10.225397] systemd[1]: Listening on udev Kernel Socket.
[[0;32m  OK  [0m] Listening on udev Kernel Socket.
[   10.236296] systemd[1]: Reached target User and Group Name Lookups.
[[0;32m  OK  [0m] Reached target User and Group Name Lookups.
[   10.241843] systemd[1]: Listening on udev Control Socket.
[[0;32m  OK  [0m] Listening on udev Control Socket.
[   10.250404] systemd[1]: Started Trigger resolvconf update for networkd DNS.
[[0;32m  OK  [0m] Started Trigger resolvconf update for networkd DNS.
[   10.261704] systemd[1]: Listening on /dev/initctl Compatibility Named Pipe.
[[0;32m  OK  [0m] Listening on /dev/initctl Compatibility Named Pipe.
[   10.281096] systemd[1]: Listening on Journal Socket.
[[0;32m  OK  [0m] Listening on Journal Socket.
[   10.292693] systemd[1]: Listening on LVM2 metadata daemon socket.
[[0;32m  OK  [0m] Listening on LVM2 metadata daemon socket.
[   10.297458] systemd[1]: Started Forward Password Requests to Wall Directory Watch.
[[0;32m  OK  [0m] Started Forward Password Requests to Wall Directory Watch.
[   10.303025] systemd[1]: Listening on Device-mapper event daemon FIFOs.
[[0;32m  OK  [0m] Listening on Device-mapper event daemon FIFOs.
[   10.305944] systemd[1]: Listening on LVM2 poll daemon socket.
[[0;32m  OK  [0m] Listening on LVM2 poll daemon socket.
[   10.316998] systemd[1]: Listening on Syslog Socket.
[[0;32m  OK  [0m] Listening on Syslog Socket.
[   10.320213] systemd[1]: Reached target System Time Synchronized.
[[0;32m  OK  [0m] Reached target System Time Synchronized.
[   10.324501] systemd[1]: Listening on Journal Socket (/dev/log).
[[0;32m  OK  [0m] Listening on Journal Socket (/dev/log).
[   10.336473] systemd[1]: Reached target Swap.
[[0;32m  OK  [0m] Reached target Swap.
[   10.338829] systemd[1]: Created slice System Slice.
[[0;32m  OK  [0m] Created slice System Slice.
[   10.360753] systemd[1]: Mounting Debug File System...
         Mounting Debug File System...
[   10.369179] systemd[1]: Mounting POSIX Message Queue File System...
         Mounting POSIX Message Queue File System...
[   10.376559] systemd[1]: Created slice system-serial\x2dgetty.slice.
[[0;32m  OK  [0m] Created slice system-serial\x2dgetty.slice.
[   10.396859] systemd[1]: Starting Monitoring of LVM2 mirrors, snapshots etc. using dmeventd or progress polling...
         Starting Monitoring of LVM2 mirrors... dmeventd or progress polling...
[   10.409221] systemd[1]: Starting Remount Root and Kernel File Systems...
         Starting Remount Root and Kernel File Systems...
[   10.421711] systemd[1]: Starting Load Kernel Modules...
         Starting Load Kernel Modules...
[   10.424394] systemd[1]: Starting Journal Service...
         Starting Journal Service...
[   10.426244] systemd[1]: Reached target Slices.
[[0;32m  OK  [0m] Reached target Slices.
[   10.428845] systemd[1]: Starting Nameserver information manager...
         Starting Nameserver information manager...
[   10.431638] systemd[1]: Starting Create list of required static device nodes for the current kernel...
         Starting Create list of required st... nodes for the current kernel...
[   10.441548] systemd[1]: Mounting Huge Pages File System...
         Mounting Huge Pages File System...
[   10.446708] systemd[1]: Set up automount Arbitrary Executable File Formats File System Automount Point.
[[0;32m  OK  [0m] Set up automount Arbitrary Executab...ats File System Automount Point.
[   10.472484] systemd[1]: Starting Set console keymap...
         Starting Set console keymap...
[   10.475696] systemd[1]: Starting Uncomplicated firewall...
         Starting Uncomplicated firewall...
[   10.479450] systemd[1]: Started Create list of required static device nodes for the current kernel.
[[0;32m  OK  [0m] Started Create list of required sta...ce nodes for the current kernel.
[   10.484104] EXT4-fs (sda1): re-mounted. Opts: (null)
[   10.484598] systemd[1]: Mounted Debug File System.
[[0;32m  OK  [0m] Mounted Debug File System.
[   10.488002] systemd[1]: Mounted POSIX Message Queue File System.
[[0;32m  OK  [0m] Mounted POSIX Message Queue File System.
[   10.490658] systemd[1]: Started Remount Root and Kernel File Systems.
[[0;32m  OK  [0m] Started Remount Root and Kernel File Systems.
[   10.493981] systemd[1]: Mounted Huge Pages File System.
[[0;32m  OK  [0m] Mounted Huge Pages File System.
[   10.507436] systemd[1]: Starting Load/Save Random Seed...
         Starting Load/Save Random Seed...
[   10.525091] Loading iSCSI transport class v2.0-870.
[   10.536382] systemd[1]: Starting udev Coldplug all Devices...
         Starting udev Coldplug all Devices...
[   10.540113] systemd[1]: Starting Create Static Device Nodes in /dev...
         Starting Create Static Device Nodes in /dev...
[   10.543164] systemd[1]: Started Uncomplicated firewall.
[[0;32m  OK  [0m] Started Uncomplicated firewall.
[   10.553107] systemd[1]: Started Nameserver information manager.
[[0;32m  OK  [0m] Started Nameserver information manager.
[   10.587158] systemd[1]: Started Load/Save Random Seed.
[[0;32m  OK  [0m] Started Load/Save Random Seed.
[   10.621487] iscsi: registered transport (tcp)
[   10.767698] systemd[1]: Started udev Coldplug all Devices.
[[0;32m  OK  [0m] Started udev Coldplug all Devices.
[   10.816091] systemd[1]: Started Set console keymap.
[[0;32m  OK  [0m] Started Set console keymap.
[   10.843093] iscsi: registered transport (iser)
[   10.845284] systemd[1]: Started Load Kernel Modules.
[[0;32m  OK  [0m] Started Load Kernel Modules.
[   10.860629] systemd[1]: Mounting FUSE Control File System...
         Mounting FUSE Control File System...
[   10.866259] systemd[1]: Starting Apply Kernel Variables...
         Starting Apply Kernel Variables...
[   10.870266] systemd[1]: Mounted FUSE Control File System.
[[0;32m  OK  [0m] Mounted FUSE Control File System.
[   10.872702] systemd[1]: Started Journal Service.
[[0;32m  OK  [0m] Started Journal Service.
         Starting Flush Journal to Persistent Storage...
[[0;32m  OK  [0m] Started LVM2 metadata daemon.
[   10.945030] systemd-journald[380]: Received request to flush runtime journal from PID 1
[[0;32m  OK  [0m] Started Flush Journal to Persistent Storage.
[[0;32m  OK  [0m] Started Apply Kernel Variables.
[[0;32m  OK  [0m] Started Monitoring of LVM2 mirrors,...ng dmeventd or progress polling.
[[0;32m  OK  [0m] Started Create Static Device Nodes in /dev.
         Starting udev Kernel Device Manager...
[[0;32m  OK  [0m] Reached target Local File Systems (Pre).
[[0;32m  OK  [0m] Reached target Local File Systems.
         Starting Create Volatile Files and Directories...
         Starting Tell Plymouth To Write Out Runtime Data...
         Starting LSB: AppArmor initialization...
         Starting Set console font and keymap...
         Starting Initial cloud-init job (pre-networking)...
[[0;32m  OK  [0m] Started Tell Plymouth To Write Out Runtime Data.
[[0;32m  OK  [0m] Started Create Volatile Files and Directories.
         Starting Update UTMP about System Boot/Shutdown...
[[0;32m  OK  [0m] Started Update UTMP about System Boot/Shutdown.
[[0;32m  OK  [0m] Started Set console font and keymap.
[[0;32m  OK  [0m] Created slice system-getty.slice.
[[0;32m  OK  [0m] Started udev Kernel Device Manager.
[[0;32m  OK  [0m] Started Dispatch Password Requests to Console Directory Watch.
[[0;32m  OK  [0m] Found device /dev/ttyS0.
[[0;32m  OK  [0m] Listening on Load/Save RF Kill Switch Status /dev/rfkill Watch.
[[0;32m  OK  [0m] Found device 82540EM Gigabit Ethern...r (PRO/1000 MT Desktop Adapter).
[[0;32m  OK  [0m] Found device 82540EM Gigabit Ethern...r (PRO/1000 MT Desktop Adapter).
[[0;32m  OK  [0m] Started LSB: AppArmor initialization.
[   17.614017] cloud-init[474]: Cloud-init v. 19.4-33-gbb4131a2-0ubuntu1~16.04.1 running 'init-local' at Mon, 10 Aug 2020 17:31:22 +0000. Up 16.81 seconds.
[[0;32m  OK  [0m] Started Initial cloud-init job (pre-networking).
[[0;32m  OK  [0m] Reached target Network (Pre).
[[0;32m  OK  [0m] Started ifup for enp0s3.
[[0;32m  OK  [0m] Started ifup for enp0s8.
         Starting Raise network interfaces...
[[0;32m  OK  [0m] Started Raise network interfaces.
[[0;32m  OK  [0m] Reached target Network.
         Starting Initial cloud-init job (metadata service crawler)...
[   19.487524] cloud-init[1080]: Cloud-init v. 19.4-33-gbb4131a2-0ubuntu1~16.04.1 running 'init' at Mon, 10 Aug 2020 17:31:24 +0000. Up 18.91 seconds.
[   19.490086] cloud-init[1080]: ci-info: ++++++++++++++++++++++++++++++++++++++Net device info+++++++++++++++++++++++++++++++++++++++
[   19.492319] cloud-init[1080]: ci-info: +--------+------+-----------------------------+---------------+--------+-------------------+
[   19.494605] cloud-init[1080]: ci-info: | Device |  Up  |           Address           |      Mask     | Scope  |     Hw-Address    |
[   19.504976] cloud-init[1080]: ci-info: +--------+------+-----------------------------+---------------+--------+-------------------+
[   19.506934] cloud-init[1080]: ci-info: | enp0s3 | True |          10.0.2.15          | 255.255.255.0 | global | 02:ba:b8:ca:39:a3 |
[   19.509076] cloud-init[1080]: ci-info: | enp0s3 | True |  fe80::ba:b8ff:feca:39a3/64 |       .       |  link  | 02:ba:b8:ca:39:a3 |
[   19.511202] cloud-init[1080]: ci-info: | enp0s8 | True |        192.168.33.60        | 255.255.255.0 | global | 08:00:27:70:e4:40 |
[   19.512893] cloud-init[1080]: ci-info: | enp0s8 | True | fe80::a00:27ff:fe70:e440/64 |       .       |  link  | 08:00:27:70:e4:40 |
[   19.514262] cloud-init[1080]: ci-info: |   lo   | True |          127.0.0.1          |   255.0.0.0   |  host  |         .         |
[   19.515522] cloud-init[1080]: ci-info: |   lo   | True |           ::1/128           |       .       |  host  |         .         |
[   19.516933] cloud-init[1080]: ci-info: +--------+------+-----------------------------+---------------+--------+-------------------+
[   19.524337] cloud-init[1080]: ci-info: ++++++++++++++++++++++++++++Route IPv4 info++++++++++++++++++++++++++++
[   19.532371] cloud-init[1080]: ci-info: +-------+--------------+----------+---------------+-----------+-------+
[   19.540502] cloud-init[1080]: ci-info: | Route | Destination  | Gateway  |    Genmask    | Interface | Flags |
[   19.541657] cloud-init[1080]: ci-info: +-------+--------------+----------+---------------+-----------+-------+
[   19.548272] cloud-init[1080]: ci-info: |   0   |   0.0.0.0    | 10.0.2.2 |    0.0.0.0    |   enp0s3  |   UG  |
[   19.548434] cloud-init[1080]: ci-info: |   1   |   10.0.2.0   | 0.0.0.0  | 255.255.255.0 |   enp0s3  |   U   |
[   19.548568] cloud-init[1080]: ci-info: |   2   | 192.168.33.0 | 0.0.0.0  | 255.255.255.0 |   enp0s8  |   U   |
[[0;32m  OK  [0m] Started Initial cloud-init job (metadata service crawler).
[   19.548756] cloud-init[1080]: ci-info: +-------+--------------+----------+---------------+-----------+-------+
[   19.553104] cloud-init[1080]: ci-info: +++++++++++++++++++Route IPv6 info+++++++++++++++++++
[   19.553287] cloud-init[1080]: ci-info: +-------+-------------+---------+-----------+-------+
[   19.553600] cloud-init[1080]: ci-info: | Route | Destination | Gateway | Interface | Flags |
[   19.554076] cloud-init[1080]: ci-info: +-------+-------------+---------+-----------+-------+
[   19.554364] cloud-init[1080]: ci-info: |   0   |  fe80::/64  |    ::   |   enp0s8  |   U   |
[   19.554678] cloud-init[1080]: ci-info: |   1   |  fe80::/64  |    ::   |   enp0s3  |   U   |
[   19.555087] cloud-init[1080]: ci-info: |   4   |   ff00::/8  |    ::   |   enp0s8  |   U   |
[[0;32m  OK  [0m] Reached target System Initialization.
[   19.555304] cloud-init[1080]: ci-info: |   5   |   ff00::/8  |    ::   |   enp0s3  |   U   |
[   19.555713] cloud-init[1080]: ci-info: +-------+-------------+---------+-----------+-------+
         Starting Socket activation for snappy daemon.
         Starting LXD - unix socket.
[[0;32m  OK  [0m] Started Clean PHP session files every 30 mins.
[[0;32m  OK  [0m] Started ACPI Events Check.
[[0;32m  OK  [0m] Reached target Paths.
[[0;32m  OK  [0m] Started Message of the Day.
[[0;32m  OK  [0m] Listening on D-Bus System Message Bus Socket.
[[0;32m  OK  [0m] Started Daily Cleanup of Temporary Directories.
[[0;32m  OK  [0m] Listening on UUID daemon activation socket.
[[0;32m  OK  [0m] Listening on ACPID Listen Socket.
[[0;32m  OK  [0m] Started Daily apt download activities.
[[0;32m  OK  [0m] Started Daily apt upgrade and clean activities.
[[0;32m  OK  [0m] Reached target Timers.
[[0;32m  OK  [0m] Reached target Network is Online.
         Starting iSCSI initiator daemon (iscsid)...
[[0;32m  OK  [0m] Reached target Cloud-config availability.
[[0;32m  OK  [0m] Listening on Socket activation for snappy daemon.
[[0;32m  OK  [0m] Listening on LXD - unix socket.
[[0;32m  OK  [0m] Reached target Sockets.
[[0;32m  OK  [0m] Reached target Basic System.
         Starting LSB: MD monitoring daemon...
         Starting Accounts Service...
         Starting /etc/rc.local Compatibility...
         Starting Message of the Day...
         Starting MySQL Community Server...
         Starting LXD - container startup/shutdown...
[[0;32m  OK  [0m] Started Regular background program processing daemon.
         Starting Clean php session files...
[[0;32m  OK  [0m] Started Deferred execution scheduler.
[[0;32m  OK  [0m] Started FUSE filesystem for LXC.
         Starting System Logging Service...
[[0;32m  OK  [0m] Started ACPI event daemon.
         Starting OpenBSD Secure Shell server...
         Starting Login Service...
[[0;32m  OK  [0m] Started D-Bus System Message Bus.
         Starting Virtualbox guest utils...
         Starting LSB: Record successful boot for GRUB...
         Starting Snappy daemon...
[[0;32m  OK  [0m] Started System Logging Service.
[[0;32m  OK  [0m] Started /etc/rc.local Compatibility.
[[0;32m  OK  [0m] Started Login Service.
[[0;32m  OK  [0m] Started Unattended Upgrades Shutdown.
[[0;32m  OK  [0m] Started iSCSI initiator daemon (iscsid).
         Starting Login to default iSCSI targets...
[[0;32m  OK  [0m] Started OpenBSD Secure Shell server.
[[0;32m  OK  [0m] Started LSB: MD monitoring daemon.
[[0;32m  OK  [0m] Started Login to default iSCSI targets.
[[0;32m  OK  [0m] Reached target Remote File Systems (Pre).
[[0;32m  OK  [0m] Reached target Remote File Systems.
         Starting LSB: Set the CPU Frequency Scaling governor to "ondemand"...
         Starting LSB: Apache2 web server...
         Starting LSB: daemon to balance interrupts for SMP systems...
         Starting LSB: automatic crash report generation...
         Starting Permit User Sessions...
[[0;32m  OK  [0m] Started LSB: Record successful boot for GRUB.
[[0;32m  OK  [0m] Started LSB: Set the CPU Frequency Scaling governor to "ondemand".
[[0;32m  OK  [0m] Started Permit User Sessions.
         Starting Terminate Plymouth Boot Screen...
         Starting Hold until boot process finishes up...
[[0;32m  OK  [0m] Started Hold until boot process finishes up.
[[0;32m  OK  [0m] Started Terminate Plymouth Boot Screen.
[[0;32m  OK  [0m] Started Serial Getty on ttyS0.
[[0;32m  OK  [0m] Started Getty on tty1.
[[0;32m  OK  [0m] Reached target Login Prompts.
         Starting Set console scheme...
[[0;32m  OK  [0m] Started LSB: daemon to balance interrupts for SMP systems.
         Starting Authenticate and Authorize Users to Run Privileged Tasks...
[[0;32m  OK  [0m] Started Set console scheme.
[[0;32m  OK  [0m] Started LSB: automatic crash report generation.
[[0;32m  OK  [0m] Started Authenticate and Authorize Users to Run Privileged Tasks.
[[0;32m  OK  [0m] Started Accounts Service.
[[0;32m  OK  [0m] Started Virtualbox guest utils.
[[0;32m  OK  [0m] Created slice User Slice of vagrant.
         Starting User Manager for UID 1000...
[[0;32m  OK  [0m] Started Session 1 of user vagrant.

Ubuntu 16.04.6 LTS ubuntu-xenial ttyS0

ubuntu-xenial login: [   32.685206] cloud-init[1459]: Cloud-init v. 19.4-33-gbb4131a2-0ubuntu1~16.04.1 running 'modules:config' at Mon, 10 Aug 2020 17:31:35 +0000. Up 30.32 seconds.
[   51.617485] cloud-init[1837]: Cloud-init v. 19.4-33-gbb4131a2-0ubuntu1~16.04.1 running 'modules:final' at Mon, 10 Aug 2020 17:31:56 +0000. Up 50.77 seconds.
[   51.617679] cloud-init[1837]: Cloud-init v. 19.4-33-gbb4131a2-0ubuntu1~16.04.1 finished at Mon, 10 Aug 2020 17:31:57 +0000. Datasource DataSourceNoCloud [seed=/dev/sdb][dsmode=net].  Up 51.61 seconds
[[0;32m  OK  [0m] Stopped target Graphical Interface.
         Stopping Authenticate and Authorize Users to Run Privileged Tasks...
         Stopping Accounts Service...
         Stopping Session 9 of user vagrant.
         Stopping User Manager for UID 1000...
[[0;32m  OK  [0m] Closed Load/Save RF Kill Switch Status /dev/rfkill Watch.
[[0;32m  OK  [0m] Stopped target Timers.
[[0;32m  OK  [0m] Stopped Clean PHP session files every 30 mins.
[[0;32m  OK  [0m] Stopped target Cloud-init target.
[[0;32m  OK  [0m] Stopped Message of the Da         Stopping LSB: Set the CPU Frequency Scaling governor to "ondemand"...
         Stopping System Logging Service...
         Stopping Deferred execution scheduler...
         Stopping LXD - container startup/shutdown...
         Stopping Virtualbox guest utils...
[[0;32m  OK  [0m] Stopped Wait until snapd is fully seeded.
         Stopping LSB: MD monitoring daemon...
         Stopping OpenBSD Secure Shell server...
         Stopping LSB: daemon to balance interrupts for SMP systems...
         Stopping LSB: automatic crash report generation...
         Stopping D-Bus System Message Bus...
         Stopping LSB: Apache2 web server...
         Stopping LSB: Record successful boot for GRUB...
         Stopping FUSE filesystem for LXC...
         Stopping Regular background program processing daemon...
[[0;32m  OK  [0m] Stopped Daily Cleanup of Temporary Directories.
         Stopping Unattended Upgrades Shutdown...
         Stopping ACPI event daemon...
[[0;32m  OK  [0m] Unmounted /var/lib/lxcfs.
[[0;32m  OK  [0m] Stopped Accounts Service.
[[0;32m  OK  [0m] Stopped Regular background program processing daemon.
[[0;32m  OK  [0m] Stopped Deferred execution scheduler.
[[0;32m  OK  [0m] Stopped System Logging Service.
[[0;32m  OK  [0m] Stopped Unattended Upgrades Shutdown.
[[0;32m  OK  [0m] Stopped OpenBSD Secure Shell server.
[[0;32m  OK  [0m] Stopped Serial Getty on ttyS0.
[[0;32m  OK  [0m] Stopped Getty on tty1.
[[0;32m  OK  [0m] Stopped ACPI event daemon.
[[0;32m  OK  [0m] Stopped Authenticate and Authorize Users to Run Privileged Tasks.
[[0;32m  OK  [0m] Stopped User Manager for UID 1000.
[[0;32m  OK  [0m] Stopped Session 9 of user vagrant.
[[0;32m  OK  [0m] Stopped D-Bus System Message Bus.
[[0;32m  OK  [0m] Stopped FUSE filesystem for LXC.
[[0;32m  OK  [0m] Stopped LSB: MD monitoring daemon.
[[0;32m  OK  [0m] Stopped LSB: Set the CPU Frequency Scaling governor to "ondemand".
[[0;32m  OK  [0m] Stopped Virtualbox guest utils.
[[0;32m  OK  [0m] Stopped LXD - container startup/shutdown.
[[0;32m  OK  [0m] Stopped LSB: Record successful boot for GRUB.
[[0;32m  OK  [0m] Stopped LSB: daemon to balance interrupts for SMP systems.
[[0;32m  OK  [0m] Stopped LSB: automatic crash report generation.
[[0;32m  OK  [0m] Removed slice User Slice of vagrant.
[[0;32m  OK  [0m] Removed slice system-getty.slice.
         Stopping Permit User Sessions...
[[0;32m  OK  [0m] Removed slice system-serial\x2dgetty.slice.
[[0;32m  OK  [0m] Stopped /etc/rc.local Compatibility.
         Stopping Login Service...
[[0;32m  OK  [0m] Stopped Permit User Sessions.
[[0;32m  OK  [0m] Stopped Login Service.
[[0;32m  OK  [0m] Stopped target User and Group Name Lookups.
[[0;32m  OK  [0m] Stopped LSB: Apache2 web server.
[[0;32m  OK  [0m] Stopped target Remote File Systems.
[[0;32m  OK  [0m] Stopped target Remote File Systems (Pre).
         Stopping Login to default iSCSI targets...
[[0;32m  OK  [0m] Stopped Login to default iSCSI targets.
         Stopping iSCSI initiator daemon (iscsid)...
[[0;32m  OK  [0m] Stopped iSCSI initiator daemon (iscsid).
[[0;32m  OK  [0m] Stopped target Network is Online.
[[0;32m  OK  [0m] Stopped MySQL Community Server.
[[0;32m  OK  [0m] Stopped target Basic System.
[[0;32m  OK  [0m] Stopped target Slices.
[[0;32m  OK  [0m] Removed slice User and Session Slice.
[[0;32m  OK  [0m] Stopped target Paths.
[[0;32m  OK  [0m] Stopped Forward Password Requests to Wall Directory Watch.
[[0;32m  OK  [0m] Stopped Dispatch Password Requests to Console Directory Watch.
[[0;32m  OK  [0m] Stopped ACPI Events Check.
[[0;32m  OK  [0m] Stopped target Sockets.
[[0;32m  OK  [0m] Closed UUID daemon activation socket.
[[0;32m  OK  [0m] Closed LXD - unix socket.
[[0;32m  OK  [0m] Closed Syslog Socket.
[[0;32m  OK  [0m] Closed D-Bus System Message Bus Socket.
[[0;32m  OK  [0m] Closed Socket activation for snappy daemon.
[[0;32m  OK  [0m] Closed ACPID Listen Socket.
[[0;32m  OK  [0m] Stopped target System Initialization.
[[0;32m  OK  [0m] Stopped target Encrypted Volumes.
         Stopping Load/Save Random Seed...
[[0;32m  OK  [0m] Stopped target Swap.
[[0;32m  OK  [0m] Stopped Initial cloud-init job (metadata service crawler).
         Stopping Update UTMP about System Boot/Shutdown...
[[0;32m  OK  [0m] Stopped target Network.
         Stopping Raise network interfaces...
[[0;32m  OK  [0m] Stopped Load/Save Random Seed.
[[0;32m  OK  [0m] Stopped Update UTMP about System Boot/Shutdown.
[[0;32m  OK  [0m] Stopped Create Volatile Files and Directories.
[[0;32m  OK  [0m] Stopped Raise network interfaces.
[[0;32m  OK  [0m] Stopped target Network (Pre).
[[0;32m  OK  [0m] Stopped Initial cloud-init job (pre-networking).
[[0;32m  OK  [0m] Stopped target Local File Systems.
         Unmounting /vagrant...
         Unmounting /var/www/html...
         Unmounting /run/user/1000...
[[0;32m  OK  [0m] Stopped Apply Kernel Variables.
[[0;32m  OK  [0m] Stopped Load Kernel Modules.
[[0;32m  OK  [0m] Unmounted /vagrant.
[[0;32m  OK  [0m] Unmounted /run/user/1000.
[[0;32m  OK  [0m] Unmounted /var/www/html.
[[0;32m  OK  [0m] Reached target Unmount All Filesystems.
[[0;32m  OK  [0m] Stopped target Local File Systems (Pre).
[[0;32m  OK  [0m] Stopped Create Static Device Nodes in /dev.
[[0;32m  OK  [0m] Stopped Remount Root and Kernel File Systems.
[[0;32m  OK  [0m] Reached target Shutdown.
[ 4958.676225] reboot: Power down
